<!doctype html public "-//w3c//dtd html 4.0 transitional//en">
<html><head>
<title>Static Call Graph - [.\_build\DEVKIT_S310_nRF51422.axf]</title></head>
<body><HR>
<H1>Static Call Graph for image .\_build\DEVKIT_S310_nRF51422.axf</H1><HR>
<BR><P>#&#060CALLGRAPH&#062# ARM Linker, 5.03 [Build 76]: Last Updated: Fri Dec 26 14:30:52 2014
<BR><P>
<H3>Maximum Stack Usage =        960 bytes + Unknown(Functions without stacksize, Cycles, Untraceable Function Pointers)</H3><H3>
Call chain for Maximum Stack Depth:</H3>
on_ant_evt &rArr; antPx_TaskOnRxAtCH0 &rArr; antPx_ProcessBurstMessageAtCH0 &rArr; antPx_DecryptData &rArr; aes_128_cbc_decrypt &rArr; aes_decrypt_init &rArr; rijndaelKeySetupDec &rArr; rijndaelKeySetupEnc
<P>
<H3>
Functions with no stack information
</H3><UL>
 <LI><a href="#[1b3]">__user_initial_stackheap</a>
</UL>
</UL>
<P>
<H3>
Mutually Recursive functions
</H3> <LI><a href="#[7]">NMI_Handler</a>&nbsp;&nbsp;&nbsp;&rArr;&nbsp;&nbsp;&nbsp;<a href="#[7]">NMI_Handler</a><BR>
 <LI><a href="#[8]">HardFault_Handler</a>&nbsp;&nbsp;&nbsp;&rArr;&nbsp;&nbsp;&nbsp;<a href="#[8]">HardFault_Handler</a><BR>
 <LI><a href="#[9]">SVC_Handler</a>&nbsp;&nbsp;&nbsp;&rArr;&nbsp;&nbsp;&nbsp;<a href="#[9]">SVC_Handler</a><BR>
 <LI><a href="#[a]">PendSV_Handler</a>&nbsp;&nbsp;&nbsp;&rArr;&nbsp;&nbsp;&nbsp;<a href="#[a]">PendSV_Handler</a><BR>
 <LI><a href="#[b]">SysTick_Handler</a>&nbsp;&nbsp;&nbsp;&rArr;&nbsp;&nbsp;&nbsp;<a href="#[b]">SysTick_Handler</a><BR>
 <LI><a href="#[12]">ADC_IRQHandler</a>&nbsp;&nbsp;&nbsp;&rArr;&nbsp;&nbsp;&nbsp;<a href="#[12]">ADC_IRQHandler</a><BR>
 <LI><a href="#[4c]">__asm___11_app_timer_c_cd27f9c3__nrf_delay_us</a>&nbsp;&nbsp;&nbsp;&rArr;&nbsp;&nbsp;&nbsp;<a href="#[4c]">__asm___11_app_timer_c_cd27f9c3__nrf_delay_us</a><BR>
 <LI><a href="#[4f]">__asm___20_devkit_application_c_60da0b28__nrf_delay_us</a>&nbsp;&nbsp;&nbsp;&rArr;&nbsp;&nbsp;&nbsp;<a href="#[4f]">__asm___20_devkit_application_c_60da0b28__nrf_delay_us</a><BR>
 <LI><a href="#[4e]">__asm___16_twi_master_int_c_f3524746__nrf_delay_us</a>&nbsp;&nbsp;&nbsp;&rArr;&nbsp;&nbsp;&nbsp;<a href="#[4e]">__asm___16_twi_master_int_c_f3524746__nrf_delay_us</a><BR>
 <LI><a href="#[4b]">__asm___17_temperature_NTC_c_ec6125df__nrf_delay_us</a>&nbsp;&nbsp;&nbsp;&rArr;&nbsp;&nbsp;&nbsp;<a href="#[4b]">__asm___17_temperature_NTC_c_ec6125df__nrf_delay_us</a><BR>
 <LI><a href="#[50]">__asm___16_devkit_command_c_ekey__nrf_delay_us</a>&nbsp;&nbsp;&nbsp;&rArr;&nbsp;&nbsp;&nbsp;<a href="#[50]">__asm___16_devkit_command_c_ekey__nrf_delay_us</a><BR>
</UL>
<P>
<H3>
Function Pointers
</H3><UL>
 <LI><a href="#[12]">ADC_IRQHandler</a> from arm_startup_nrf51422_s310.o(.text) referenced from arm_startup_nrf51422_s310.o(RESET)
 <LI><a href="#[1a]">CCM_AAR_IRQHandler</a> from arm_startup_nrf51422_s310.o(.text) referenced from arm_startup_nrf51422_s310.o(RESET)
 <LI><a href="#[19]">ECB_IRQHandler</a> from arm_startup_nrf51422_s310.o(.text) referenced from arm_startup_nrf51422_s310.o(RESET)
 <LI><a href="#[11]">GPIOTE_IRQHandler</a> from app_gpiote.o(.text) referenced from arm_startup_nrf51422_s310.o(RESET)
 <LI><a href="#[8]">HardFault_Handler</a> from arm_startup_nrf51422_s310.o(.text) referenced from arm_startup_nrf51422_s310.o(RESET)
 <LI><a href="#[1e]">LPCOMP_IRQHandler</a> from arm_startup_nrf51422_s310.o(.text) referenced from arm_startup_nrf51422_s310.o(RESET)
 <LI><a href="#[7]">NMI_Handler</a> from arm_startup_nrf51422_s310.o(.text) referenced from arm_startup_nrf51422_s310.o(RESET)
 <LI><a href="#[c]">POWER_CLOCK_IRQHandler</a> from arm_startup_nrf51422_s310.o(.text) referenced from arm_startup_nrf51422_s310.o(RESET)
 <LI><a href="#[a]">PendSV_Handler</a> from arm_startup_nrf51422_s310.o(.text) referenced from arm_startup_nrf51422_s310.o(RESET)
 <LI><a href="#[1d]">QDEC_IRQHandler</a> from arm_startup_nrf51422_s310.o(.text) referenced from arm_startup_nrf51422_s310.o(RESET)
 <LI><a href="#[d]">RADIO_IRQHandler</a> from arm_startup_nrf51422_s310.o(.text) referenced from arm_startup_nrf51422_s310.o(RESET)
 <LI><a href="#[18]">RNG_IRQHandler</a> from arm_startup_nrf51422_s310.o(.text) referenced from arm_startup_nrf51422_s310.o(RESET)
 <LI><a href="#[16]">RTC0_IRQHandler</a> from arm_startup_nrf51422_s310.o(.text) referenced from arm_startup_nrf51422_s310.o(RESET)
 <LI><a href="#[1c]">RTC1_IRQHandler</a> from app_timer.o(.text) referenced from arm_startup_nrf51422_s310.o(RESET)
 <LI><a href="#[6]">Reset_Handler</a> from arm_startup_nrf51422_s310.o(.text) referenced from arm_startup_nrf51422_s310.o(RESET)
 <LI><a href="#[f]">SPI0_TWI0_IRQHandler</a> from twi_master_int.o(.text) referenced from arm_startup_nrf51422_s310.o(RESET)
 <LI><a href="#[10]">SPI1_TWI1_IRQHandler</a> from arm_startup_nrf51422_s310.o(.text) referenced from arm_startup_nrf51422_s310.o(RESET)
 <LI><a href="#[9]">SVC_Handler</a> from arm_startup_nrf51422_s310.o(.text) referenced from arm_startup_nrf51422_s310.o(RESET)
 <LI><a href="#[1f]">SWI0_IRQHandler</a> from app_timer.o(.text) referenced from arm_startup_nrf51422_s310.o(RESET)
 <LI><a href="#[20]">SWI1_IRQHandler</a> from arm_startup_nrf51422_s310.o(.text) referenced from arm_startup_nrf51422_s310.o(RESET)
 <LI><a href="#[21]">SWI2_IRQHandler</a> from softdevice_handler.o(.text) referenced from arm_startup_nrf51422_s310.o(RESET)
 <LI><a href="#[22]">SWI3_IRQHandler</a> from arm_startup_nrf51422_s310.o(.text) referenced from arm_startup_nrf51422_s310.o(RESET)
 <LI><a href="#[23]">SWI4_IRQHandler</a> from arm_startup_nrf51422_s310.o(.text) referenced from arm_startup_nrf51422_s310.o(RESET)
 <LI><a href="#[24]">SWI5_IRQHandler</a> from arm_startup_nrf51422_s310.o(.text) referenced from arm_startup_nrf51422_s310.o(RESET)
 <LI><a href="#[b]">SysTick_Handler</a> from arm_startup_nrf51422_s310.o(.text) referenced from arm_startup_nrf51422_s310.o(RESET)
 <LI><a href="#[25]">SystemInit</a> from system_nrf51.o(.text) referenced from arm_startup_nrf51422_s310.o(.text)
 <LI><a href="#[17]">TEMP_IRQHandler</a> from arm_startup_nrf51422_s310.o(.text) referenced from arm_startup_nrf51422_s310.o(RESET)
 <LI><a href="#[13]">TIMER0_IRQHandler</a> from arm_startup_nrf51422_s310.o(.text) referenced from arm_startup_nrf51422_s310.o(RESET)
 <LI><a href="#[14]">TIMER1_IRQHandler</a> from arm_startup_nrf51422_s310.o(.text) referenced from arm_startup_nrf51422_s310.o(RESET)
 <LI><a href="#[15]">TIMER2_IRQHandler</a> from pwm.o(.text) referenced from arm_startup_nrf51422_s310.o(RESET)
 <LI><a href="#[e]">UART0_IRQHandler</a> from simple_uart.o(.text) referenced from arm_startup_nrf51422_s310.o(RESET)
 <LI><a href="#[1b]">WDT_IRQHandler</a> from arm_startup_nrf51422_s310.o(.text) referenced from arm_startup_nrf51422_s310.o(RESET)
 <LI><a href="#[36]">__main</a> from __main.o(!!!main) referenced from arm_startup_nrf51422_s310.o(.text)
 <LI><a href="#[35]">_printf_input_char</a> from _printf_char_common.o(.text) referenced from _printf_char_common.o(.text)
 <LI><a href="#[34]">_sputc</a> from _sputc.o(.text) referenced from noretval__2sprintf.o(.text)
 <LI><a href="#[2e]">af_pstorage_cb_handler</a> from main.o(.text) referenced from main.o(.text)
 <LI><a href="#[28]">antIx_SecTimer</a> from main.o(.text) referenced from main.o(.text)
 <LI><a href="#[2f]">app_flashmanager_error_handler</a> from main.o(.text) referenced from main.o(.text)
 <LI><a href="#[2b]">ble_evt_dispatch</a> from main.o(.text) referenced from main.o(.text)
 <LI><a href="#[5]">button_event_handler</a> from main.o(.text) referenced 4 times from main.o(.data)
 <LI><a href="#[2a]">conn_params_error_handler</a> from main.o(.text) referenced from main.o(.text)
 <LI><a href="#[33]">detection_delay_timeout_handler</a> from app_button.o(.text) referenced from app_button.o(.text)
 <LI><a href="#[32]">gpiote_event_handler</a> from app_button.o(.text) referenced from app_button.o(.text)
 <LI><a href="#[2c]">on_ant_evt</a> from anteventhandler.o(.text) referenced from main.o(.text)
 <LI><a href="#[29]">on_conn_params_evt</a> from main.o(.text) referenced from main.o(.text)
 <LI><a href="#[27]">second_timeout_handler</a> from main.o(.text) referenced from main.o(.text)
 <LI><a href="#[31]">softdevice_assertion_handler</a> from softdevice_handler.o(.text) referenced from softdevice_handler.o(.text)
 <LI><a href="#[2d]">sys_evt_dispatch</a> from main.o(.text) referenced from main.o(.text)
 <LI><a href="#[30]">update_timeout_handler</a> from ble_conn_params.o(.text) referenced from ble_conn_params.o(.text)
</UL>
<P>
<H3>
Global Symbols
</H3>
<P><STRONG><a name="[36]"></a>__main</STRONG> (Thumb, 8 bytes, Stack size 0 bytes, __main.o(!!!main))
<BR><BR>[Calls]<UL><LI><a href="#[37]">&gt;&gt;</a>&nbsp;&nbsp;&nbsp;__scatterload
<LI><a href="#[38]">&gt;&gt;</a>&nbsp;&nbsp;&nbsp;__rt_entry
</UL>

<P><STRONG><a name="[37]"></a>__scatterload</STRONG> (Thumb, 0 bytes, Stack size unknown bytes, __scatter.o(!!!scatter))
<BR><BR>[Called By]<UL><LI><a href="#[36]">&gt;&gt;</a>&nbsp;&nbsp;&nbsp;__main
</UL>

<P><STRONG><a name="[39]"></a>__scatterload_rt2</STRONG> (Thumb, 52 bytes, Stack size unknown bytes, __scatter.o(!!!scatter), UNUSED)
<BR><BR>[Calls]<UL><LI><a href="#[38]">&gt;&gt;</a>&nbsp;&nbsp;&nbsp;__rt_entry
</UL>

<P><STRONG><a name="[1bc]"></a>__scatterload_rt2_thumb_only</STRONG> (Thumb, 0 bytes, Stack size unknown bytes, __scatter.o(!!!scatter), UNUSED)

<P><STRONG><a name="[1bd]"></a>__scatterload_null</STRONG> (Thumb, 0 bytes, Stack size unknown bytes, __scatter.o(!!!scatter), UNUSED)

<P><STRONG><a name="[1be]"></a>__scatterload_zeroinit</STRONG> (Thumb, 28 bytes, Stack size unknown bytes, __scatter_zi.o(!!handler_zi), UNUSED)

<P><STRONG><a name="[199]"></a>_printf_percent</STRONG> (Thumb, 0 bytes, Stack size unknown bytes, _printf_percent.o(.ARM.Collect$$_printf_percent$$00000000))
<BR><BR>[Called By]<UL><LI><a href="#[198]">&gt;&gt;</a>&nbsp;&nbsp;&nbsp;__printf
</UL>

<P><STRONG><a name="[3a]"></a>_printf_d</STRONG> (Thumb, 0 bytes, Stack size unknown bytes, _printf_d.o(.ARM.Collect$$_printf_percent$$00000009))
<BR><BR>[Stack]<UL><LI>Max Depth = 72 + Unknown Stack Size
<LI>Call Chain = _printf_d &rArr; _printf_u &rArr; _printf_int_dec &rArr; _printf_int_common
</UL>
<BR>[Calls]<UL><LI><a href="#[3b]">&gt;&gt;</a>&nbsp;&nbsp;&nbsp;_printf_u
<LI><a href="#[3c]">&gt;&gt;</a>&nbsp;&nbsp;&nbsp;_printf_int_dec
</UL>

<P><STRONG><a name="[3b]"></a>_printf_u</STRONG> (Thumb, 0 bytes, Stack size unknown bytes, _printf_u.o(.ARM.Collect$$_printf_percent$$0000000A))
<BR><BR>[Stack]<UL><LI>Max Depth = 72 + Unknown Stack Size
<LI>Call Chain = _printf_u &rArr; _printf_int_dec &rArr; _printf_int_common
</UL>
<BR>[Calls]<UL><LI><a href="#[3d]">&gt;&gt;</a>&nbsp;&nbsp;&nbsp;_printf_s
<LI><a href="#[3c]">&gt;&gt;</a>&nbsp;&nbsp;&nbsp;_printf_int_dec
</UL>
<BR>[Called By]<UL><LI><a href="#[3a]">&gt;&gt;</a>&nbsp;&nbsp;&nbsp;_printf_d
</UL>

<P><STRONG><a name="[3d]"></a>_printf_s</STRONG> (Thumb, 0 bytes, Stack size unknown bytes, _printf_s.o(.ARM.Collect$$_printf_percent$$00000014))
<BR><BR>[Stack]<UL><LI>Max Depth = 24 + Unknown Stack Size
<LI>Call Chain = _printf_s &rArr; _printf_string &rArr; _printf_cs_common &rArr; _printf_str
</UL>
<BR>[Calls]<UL><LI><a href="#[3e]">&gt;&gt;</a>&nbsp;&nbsp;&nbsp;_printf_percent_end
<LI><a href="#[3f]">&gt;&gt;</a>&nbsp;&nbsp;&nbsp;_printf_string
</UL>
<BR>[Called By]<UL><LI><a href="#[3b]">&gt;&gt;</a>&nbsp;&nbsp;&nbsp;_printf_u
</UL>

<P><STRONG><a name="[3e]"></a>_printf_percent_end</STRONG> (Thumb, 0 bytes, Stack size unknown bytes, _printf_percent_end.o(.ARM.Collect$$_printf_percent$$00000017))
<BR><BR>[Called By]<UL><LI><a href="#[3d]">&gt;&gt;</a>&nbsp;&nbsp;&nbsp;_printf_s
</UL>

<P><STRONG><a name="[43]"></a>__rt_lib_init</STRONG> (Thumb, 0 bytes, Stack size unknown bytes, libinit.o(.ARM.Collect$$libinit$$00000000))
<BR><BR>[Called By]<UL><LI><a href="#[42]">&gt;&gt;</a>&nbsp;&nbsp;&nbsp;__rt_entry_li
</UL>

<P><STRONG><a name="[1bf]"></a>__rt_lib_init_fp_1</STRONG> (Thumb, 0 bytes, Stack size unknown bytes, libinit2.o(.ARM.Collect$$libinit$$00000001))

<P><STRONG><a name="[1c0]"></a>__rt_lib_init_alloca_1</STRONG> (Thumb, 0 bytes, Stack size unknown bytes, libinit2.o(.ARM.Collect$$libinit$$0000002C))

<P><STRONG><a name="[1c1]"></a>__rt_lib_init_argv_1</STRONG> (Thumb, 0 bytes, Stack size unknown bytes, libinit2.o(.ARM.Collect$$libinit$$0000002A))

<P><STRONG><a name="[1c2]"></a>__rt_lib_init_atexit_1</STRONG> (Thumb, 0 bytes, Stack size unknown bytes, libinit2.o(.ARM.Collect$$libinit$$00000019))

<P><STRONG><a name="[1c3]"></a>__rt_lib_init_clock_1</STRONG> (Thumb, 0 bytes, Stack size unknown bytes, libinit2.o(.ARM.Collect$$libinit$$0000001F))

<P><STRONG><a name="[1c4]"></a>__rt_lib_init_cpp_1</STRONG> (Thumb, 0 bytes, Stack size unknown bytes, libinit2.o(.ARM.Collect$$libinit$$00000030))

<P><STRONG><a name="[1c5]"></a>__rt_lib_init_exceptions_1</STRONG> (Thumb, 0 bytes, Stack size unknown bytes, libinit2.o(.ARM.Collect$$libinit$$0000002E))

<P><STRONG><a name="[1c6]"></a>__rt_lib_init_fp_trap_1</STRONG> (Thumb, 0 bytes, Stack size unknown bytes, libinit2.o(.ARM.Collect$$libinit$$0000001D))

<P><STRONG><a name="[1c7]"></a>__rt_lib_init_getenv_1</STRONG> (Thumb, 0 bytes, Stack size unknown bytes, libinit2.o(.ARM.Collect$$libinit$$00000021))

<P><STRONG><a name="[1c8]"></a>__rt_lib_init_heap_1</STRONG> (Thumb, 0 bytes, Stack size unknown bytes, libinit2.o(.ARM.Collect$$libinit$$00000008))

<P><STRONG><a name="[1c9]"></a>__rt_lib_init_lc_collate_1</STRONG> (Thumb, 0 bytes, Stack size unknown bytes, libinit2.o(.ARM.Collect$$libinit$$0000000F))

<P><STRONG><a name="[1ca]"></a>__rt_lib_init_lc_ctype_1</STRONG> (Thumb, 0 bytes, Stack size unknown bytes, libinit2.o(.ARM.Collect$$libinit$$00000011))

<P><STRONG><a name="[1cb]"></a>__rt_lib_init_lc_monetary_1</STRONG> (Thumb, 0 bytes, Stack size unknown bytes, libinit2.o(.ARM.Collect$$libinit$$00000013))

<P><STRONG><a name="[1cc]"></a>__rt_lib_init_lc_numeric_1</STRONG> (Thumb, 0 bytes, Stack size unknown bytes, libinit2.o(.ARM.Collect$$libinit$$00000015))

<P><STRONG><a name="[1cd]"></a>__rt_lib_init_lc_time_1</STRONG> (Thumb, 0 bytes, Stack size unknown bytes, libinit2.o(.ARM.Collect$$libinit$$00000017))

<P><STRONG><a name="[1ce]"></a>__rt_lib_init_rand_1</STRONG> (Thumb, 0 bytes, Stack size unknown bytes, libinit2.o(.ARM.Collect$$libinit$$0000000C))

<P><STRONG><a name="[1cf]"></a>__rt_lib_init_return</STRONG> (Thumb, 0 bytes, Stack size unknown bytes, libinit2.o(.ARM.Collect$$libinit$$00000031))

<P><STRONG><a name="[1d0]"></a>__rt_lib_init_signal_1</STRONG> (Thumb, 0 bytes, Stack size unknown bytes, libinit2.o(.ARM.Collect$$libinit$$0000001B))

<P><STRONG><a name="[1d1]"></a>__rt_lib_init_stdio_1</STRONG> (Thumb, 0 bytes, Stack size unknown bytes, libinit2.o(.ARM.Collect$$libinit$$00000023))

<P><STRONG><a name="[1d2]"></a>__rt_lib_init_user_alloc_1</STRONG> (Thumb, 0 bytes, Stack size unknown bytes, libinit2.o(.ARM.Collect$$libinit$$0000000A))

<P><STRONG><a name="[48]"></a>__rt_lib_shutdown</STRONG> (Thumb, 0 bytes, Stack size unknown bytes, libshutdown.o(.ARM.Collect$$libshutdown$$00000000))
<BR><BR>[Called By]<UL><LI><a href="#[47]">&gt;&gt;</a>&nbsp;&nbsp;&nbsp;__rt_exit_ls
</UL>

<P><STRONG><a name="[1d3]"></a>__rt_lib_shutdown_fp_trap_1</STRONG> (Thumb, 0 bytes, Stack size unknown bytes, libshutdown2.o(.ARM.Collect$$libshutdown$$00000006))

<P><STRONG><a name="[1d4]"></a>__rt_lib_shutdown_heap_1</STRONG> (Thumb, 0 bytes, Stack size unknown bytes, libshutdown2.o(.ARM.Collect$$libshutdown$$0000000E))

<P><STRONG><a name="[1d5]"></a>__rt_lib_shutdown_return</STRONG> (Thumb, 0 bytes, Stack size unknown bytes, libshutdown2.o(.ARM.Collect$$libshutdown$$0000000F))

<P><STRONG><a name="[1d6]"></a>__rt_lib_shutdown_signal_1</STRONG> (Thumb, 0 bytes, Stack size unknown bytes, libshutdown2.o(.ARM.Collect$$libshutdown$$00000009))

<P><STRONG><a name="[1d7]"></a>__rt_lib_shutdown_stdio_1</STRONG> (Thumb, 0 bytes, Stack size unknown bytes, libshutdown2.o(.ARM.Collect$$libshutdown$$00000003))

<P><STRONG><a name="[1d8]"></a>__rt_lib_shutdown_user_alloc_1</STRONG> (Thumb, 0 bytes, Stack size unknown bytes, libshutdown2.o(.ARM.Collect$$libshutdown$$0000000B))

<P><STRONG><a name="[38]"></a>__rt_entry</STRONG> (Thumb, 0 bytes, Stack size unknown bytes, rtentry.o(.ARM.Collect$$rtentry$$00000000))
<BR><BR>[Called By]<UL><LI><a href="#[36]">&gt;&gt;</a>&nbsp;&nbsp;&nbsp;__main
<LI><a href="#[39]">&gt;&gt;</a>&nbsp;&nbsp;&nbsp;__scatterload_rt2
</UL>

<P><STRONG><a name="[1d9]"></a>__rt_entry_presh_1</STRONG> (Thumb, 0 bytes, Stack size unknown bytes, rtentry2.o(.ARM.Collect$$rtentry$$00000002))

<P><STRONG><a name="[40]"></a>__rt_entry_sh</STRONG> (Thumb, 0 bytes, Stack size unknown bytes, rtentry4.o(.ARM.Collect$$rtentry$$00000004))
<BR><BR>[Stack]<UL><LI>Max Depth = 8 + Unknown Stack Size
<LI>Call Chain = __rt_entry_sh &rArr; __user_setup_stackheap
</UL>
<BR>[Calls]<UL><LI><a href="#[41]">&gt;&gt;</a>&nbsp;&nbsp;&nbsp;__user_setup_stackheap
</UL>

<P><STRONG><a name="[42]"></a>__rt_entry_li</STRONG> (Thumb, 0 bytes, Stack size unknown bytes, rtentry2.o(.ARM.Collect$$rtentry$$0000000A))
<BR><BR>[Calls]<UL><LI><a href="#[43]">&gt;&gt;</a>&nbsp;&nbsp;&nbsp;__rt_lib_init
</UL>

<P><STRONG><a name="[1da]"></a>__rt_entry_postsh_1</STRONG> (Thumb, 0 bytes, Stack size unknown bytes, rtentry2.o(.ARM.Collect$$rtentry$$00000009))

<P><STRONG><a name="[44]"></a>__rt_entry_main</STRONG> (Thumb, 0 bytes, Stack size unknown bytes, rtentry2.o(.ARM.Collect$$rtentry$$0000000D))
<BR><BR>[Stack]<UL><LI>Max Depth = 936 + Unknown Stack Size
<LI>Call Chain = __rt_entry_main &rArr; main &rArr; bleP0_BleAppDevkitCommandExecution &rArr; bleP1_CommandExecuter &rArr; blePx_DecryptData &rArr; aes_128_cbc_decrypt &rArr; aes_decrypt_init &rArr; rijndaelKeySetupDec &rArr; rijndaelKeySetupEnc
</UL>
<BR>[Calls]<UL><LI><a href="#[45]">&gt;&gt;</a>&nbsp;&nbsp;&nbsp;main
<LI><a href="#[46]">&gt;&gt;</a>&nbsp;&nbsp;&nbsp;exit
</UL>

<P><STRONG><a name="[1db]"></a>__rt_entry_postli_1</STRONG> (Thumb, 0 bytes, Stack size unknown bytes, rtentry2.o(.ARM.Collect$$rtentry$$0000000C))

<P><STRONG><a name="[1b5]"></a>__rt_exit</STRONG> (Thumb, 0 bytes, Stack size unknown bytes, rtexit.o(.ARM.Collect$$rtexit$$00000000))
<BR><BR>[Called By]<UL><LI><a href="#[46]">&gt;&gt;</a>&nbsp;&nbsp;&nbsp;exit
</UL>

<P><STRONG><a name="[47]"></a>__rt_exit_ls</STRONG> (Thumb, 0 bytes, Stack size unknown bytes, rtexit2.o(.ARM.Collect$$rtexit$$00000003))
<BR><BR>[Calls]<UL><LI><a href="#[48]">&gt;&gt;</a>&nbsp;&nbsp;&nbsp;__rt_lib_shutdown
</UL>

<P><STRONG><a name="[1dc]"></a>__rt_exit_prels_1</STRONG> (Thumb, 0 bytes, Stack size unknown bytes, rtexit2.o(.ARM.Collect$$rtexit$$00000002))

<P><STRONG><a name="[49]"></a>__rt_exit_exit</STRONG> (Thumb, 0 bytes, Stack size unknown bytes, rtexit2.o(.ARM.Collect$$rtexit$$00000004))
<BR><BR>[Calls]<UL><LI><a href="#[4a]">&gt;&gt;</a>&nbsp;&nbsp;&nbsp;_sys_exit
</UL>

<P><STRONG><a name="[4b]"></a>__asm___17_temperature_NTC_c_ec6125df__nrf_delay_us</STRONG> (Thumb, 30 bytes, Stack size 0 bytes, temperature_ntc.o(.emb_text))
<BR><BR>[Calls]<UL><LI><a href="#[4b]">&gt;&gt;</a>&nbsp;&nbsp;&nbsp;__asm___17_temperature_NTC_c_ec6125df__nrf_delay_us
</UL>
<BR>[Called By]<UL><LI><a href="#[c6]">&gt;&gt;</a>&nbsp;&nbsp;&nbsp;get_temperature
<LI><a href="#[4b]">&gt;&gt;</a>&nbsp;&nbsp;&nbsp;__asm___17_temperature_NTC_c_ec6125df__nrf_delay_us
</UL>

<P><STRONG><a name="[4c]"></a>__asm___11_app_timer_c_cd27f9c3__nrf_delay_us</STRONG> (Thumb, 30 bytes, Stack size 0 bytes, app_timer.o(.emb_text))
<BR><BR>[Calls]<UL><LI><a href="#[4c]">&gt;&gt;</a>&nbsp;&nbsp;&nbsp;__asm___11_app_timer_c_cd27f9c3__nrf_delay_us
</UL>
<BR>[Called By]<UL><LI><a href="#[4c]">&gt;&gt;</a>&nbsp;&nbsp;&nbsp;__asm___11_app_timer_c_cd27f9c3__nrf_delay_us
<LI><a href="#[f0]">&gt;&gt;</a>&nbsp;&nbsp;&nbsp;rtc1_stop
<LI><a href="#[ed]">&gt;&gt;</a>&nbsp;&nbsp;&nbsp;rtc1_start
</UL>

<P><STRONG><a name="[4d]"></a>__asm___13_simple_uart_c_rx_buf__nrf_delay_us</STRONG> (Thumb, 30 bytes, Stack size 0 bytes, simple_uart.o(.emb_text), UNUSED)
<BR><BR>[Calls]<UL><LI><a href="#[4d]">&gt;&gt;</a>&nbsp;&nbsp;&nbsp;__asm___13_simple_uart_c_rx_buf__nrf_delay_us
</UL>
<BR>[Called By]<UL><LI><a href="#[126]">&gt;&gt;</a>&nbsp;&nbsp;&nbsp;simple_uart_get_with_timeout
<LI><a href="#[4d]">&gt;&gt;</a>&nbsp;&nbsp;&nbsp;__asm___13_simple_uart_c_rx_buf__nrf_delay_us
</UL>

<P><STRONG><a name="[4e]"></a>__asm___16_twi_master_int_c_f3524746__nrf_delay_us</STRONG> (Thumb, 30 bytes, Stack size 0 bytes, twi_master_int.o(.emb_text))
<BR><BR>[Calls]<UL><LI><a href="#[4e]">&gt;&gt;</a>&nbsp;&nbsp;&nbsp;__asm___16_twi_master_int_c_f3524746__nrf_delay_us
</UL>
<BR>[Called By]<UL><LI><a href="#[4e]">&gt;&gt;</a>&nbsp;&nbsp;&nbsp;__asm___16_twi_master_int_c_f3524746__nrf_delay_us
<LI><a href="#[144]">&gt;&gt;</a>&nbsp;&nbsp;&nbsp;twi_master_clear_bus
</UL>

<P><STRONG><a name="[4f]"></a>__asm___20_devkit_application_c_60da0b28__nrf_delay_us</STRONG> (Thumb, 30 bytes, Stack size 0 bytes, devkit_application.o(.emb_text))
<BR><BR>[Calls]<UL><LI><a href="#[4f]">&gt;&gt;</a>&nbsp;&nbsp;&nbsp;__asm___20_devkit_application_c_60da0b28__nrf_delay_us
</UL>
<BR>[Called By]<UL><LI><a href="#[61]">&gt;&gt;</a>&nbsp;&nbsp;&nbsp;app_timer_activity
<LI><a href="#[4f]">&gt;&gt;</a>&nbsp;&nbsp;&nbsp;__asm___20_devkit_application_c_60da0b28__nrf_delay_us
</UL>

<P><STRONG><a name="[50]"></a>__asm___16_devkit_command_c_ekey__nrf_delay_us</STRONG> (Thumb, 30 bytes, Stack size 0 bytes, devkit_command.o(.emb_text))
<BR><BR>[Calls]<UL><LI><a href="#[50]">&gt;&gt;</a>&nbsp;&nbsp;&nbsp;__asm___16_devkit_command_c_ekey__nrf_delay_us
</UL>
<BR>[Called By]<UL><LI><a href="#[179]">&gt;&gt;</a>&nbsp;&nbsp;&nbsp;decode_op_req_msg
<LI><a href="#[50]">&gt;&gt;</a>&nbsp;&nbsp;&nbsp;__asm___16_devkit_command_c_ekey__nrf_delay_us
</UL>

<P><STRONG><a name="[115]"></a>__aeabi_memcpy4</STRONG> (Thumb, 56 bytes, Stack size 0 bytes, rt_memcpy.o(.emb_text))
<BR><BR>[Called By]<UL><LI><a href="#[76]">&gt;&gt;</a>&nbsp;&nbsp;&nbsp;ble_conn_params_init
<LI><a href="#[9f]">&gt;&gt;</a>&nbsp;&nbsp;&nbsp;__aeabi_memcpy
</UL>

<P><STRONG><a name="[1dd]"></a>__aeabi_memcpy8</STRONG> (Thumb, 0 bytes, Stack size 0 bytes, rt_memcpy.o(.emb_text), UNUSED)

<P><STRONG><a name="[6]"></a>Reset_Handler</STRONG> (Thumb, 18 bytes, Stack size 0 bytes, arm_startup_nrf51422_s310.o(.text))
<BR>[Address Reference Count : 1]<UL><LI> arm_startup_nrf51422_s310.o(RESET)
</UL>
<P><STRONG><a name="[7]"></a>NMI_Handler</STRONG> (Thumb, 2 bytes, Stack size 0 bytes, arm_startup_nrf51422_s310.o(.text))
<BR><BR>[Calls]<UL><LI><a href="#[7]">&gt;&gt;</a>&nbsp;&nbsp;&nbsp;NMI_Handler
</UL>
<BR>[Called By]<UL><LI><a href="#[7]">&gt;&gt;</a>&nbsp;&nbsp;&nbsp;NMI_Handler
</UL>
<BR>[Address Reference Count : 1]<UL><LI> arm_startup_nrf51422_s310.o(RESET)
</UL>
<P><STRONG><a name="[8]"></a>HardFault_Handler</STRONG> (Thumb, 2 bytes, Stack size 0 bytes, arm_startup_nrf51422_s310.o(.text))
<BR><BR>[Calls]<UL><LI><a href="#[8]">&gt;&gt;</a>&nbsp;&nbsp;&nbsp;HardFault_Handler
</UL>
<BR>[Called By]<UL><LI><a href="#[8]">&gt;&gt;</a>&nbsp;&nbsp;&nbsp;HardFault_Handler
</UL>
<BR>[Address Reference Count : 1]<UL><LI> arm_startup_nrf51422_s310.o(RESET)
</UL>
<P><STRONG><a name="[9]"></a>SVC_Handler</STRONG> (Thumb, 2 bytes, Stack size 0 bytes, arm_startup_nrf51422_s310.o(.text))
<BR><BR>[Calls]<UL><LI><a href="#[9]">&gt;&gt;</a>&nbsp;&nbsp;&nbsp;SVC_Handler
</UL>
<BR>[Called By]<UL><LI><a href="#[9]">&gt;&gt;</a>&nbsp;&nbsp;&nbsp;SVC_Handler
</UL>
<BR>[Address Reference Count : 1]<UL><LI> arm_startup_nrf51422_s310.o(RESET)
</UL>
<P><STRONG><a name="[a]"></a>PendSV_Handler</STRONG> (Thumb, 2 bytes, Stack size 0 bytes, arm_startup_nrf51422_s310.o(.text))
<BR><BR>[Calls]<UL><LI><a href="#[a]">&gt;&gt;</a>&nbsp;&nbsp;&nbsp;PendSV_Handler
</UL>
<BR>[Called By]<UL><LI><a href="#[a]">&gt;&gt;</a>&nbsp;&nbsp;&nbsp;PendSV_Handler
</UL>
<BR>[Address Reference Count : 1]<UL><LI> arm_startup_nrf51422_s310.o(RESET)
</UL>
<P><STRONG><a name="[b]"></a>SysTick_Handler</STRONG> (Thumb, 2 bytes, Stack size 0 bytes, arm_startup_nrf51422_s310.o(.text))
<BR><BR>[Calls]<UL><LI><a href="#[b]">&gt;&gt;</a>&nbsp;&nbsp;&nbsp;SysTick_Handler
</UL>
<BR>[Called By]<UL><LI><a href="#[b]">&gt;&gt;</a>&nbsp;&nbsp;&nbsp;SysTick_Handler
</UL>
<BR>[Address Reference Count : 1]<UL><LI> arm_startup_nrf51422_s310.o(RESET)
</UL>
<P><STRONG><a name="[12]"></a>ADC_IRQHandler</STRONG> (Thumb, 0 bytes, Stack size 0 bytes, arm_startup_nrf51422_s310.o(.text))
<BR><BR>[Calls]<UL><LI><a href="#[12]">&gt;&gt;</a>&nbsp;&nbsp;&nbsp;ADC_IRQHandler
</UL>
<BR>[Called By]<UL><LI><a href="#[12]">&gt;&gt;</a>&nbsp;&nbsp;&nbsp;ADC_IRQHandler
</UL>
<BR>[Address Reference Count : 1]<UL><LI> arm_startup_nrf51422_s310.o(RESET)
</UL>
<P><STRONG><a name="[1a]"></a>CCM_AAR_IRQHandler</STRONG> (Thumb, 0 bytes, Stack size 0 bytes, arm_startup_nrf51422_s310.o(.text))
<BR>[Address Reference Count : 1]<UL><LI> arm_startup_nrf51422_s310.o(RESET)
</UL>
<P><STRONG><a name="[19]"></a>ECB_IRQHandler</STRONG> (Thumb, 0 bytes, Stack size 0 bytes, arm_startup_nrf51422_s310.o(.text))
<BR>[Address Reference Count : 1]<UL><LI> arm_startup_nrf51422_s310.o(RESET)
</UL>
<P><STRONG><a name="[1e]"></a>LPCOMP_IRQHandler</STRONG> (Thumb, 0 bytes, Stack size 0 bytes, arm_startup_nrf51422_s310.o(.text))
<BR>[Address Reference Count : 1]<UL><LI> arm_startup_nrf51422_s310.o(RESET)
</UL>
<P><STRONG><a name="[c]"></a>POWER_CLOCK_IRQHandler</STRONG> (Thumb, 0 bytes, Stack size 0 bytes, arm_startup_nrf51422_s310.o(.text))
<BR>[Address Reference Count : 1]<UL><LI> arm_startup_nrf51422_s310.o(RESET)
</UL>
<P><STRONG><a name="[1d]"></a>QDEC_IRQHandler</STRONG> (Thumb, 0 bytes, Stack size 0 bytes, arm_startup_nrf51422_s310.o(.text))
<BR>[Address Reference Count : 1]<UL><LI> arm_startup_nrf51422_s310.o(RESET)
</UL>
<P><STRONG><a name="[d]"></a>RADIO_IRQHandler</STRONG> (Thumb, 0 bytes, Stack size 0 bytes, arm_startup_nrf51422_s310.o(.text))
<BR>[Address Reference Count : 1]<UL><LI> arm_startup_nrf51422_s310.o(RESET)
</UL>
<P><STRONG><a name="[18]"></a>RNG_IRQHandler</STRONG> (Thumb, 0 bytes, Stack size 0 bytes, arm_startup_nrf51422_s310.o(.text))
<BR>[Address Reference Count : 1]<UL><LI> arm_startup_nrf51422_s310.o(RESET)
</UL>
<P><STRONG><a name="[16]"></a>RTC0_IRQHandler</STRONG> (Thumb, 0 bytes, Stack size 0 bytes, arm_startup_nrf51422_s310.o(.text))
<BR>[Address Reference Count : 1]<UL><LI> arm_startup_nrf51422_s310.o(RESET)
</UL>
<P><STRONG><a name="[10]"></a>SPI1_TWI1_IRQHandler</STRONG> (Thumb, 0 bytes, Stack size 0 bytes, arm_startup_nrf51422_s310.o(.text))
<BR>[Address Reference Count : 1]<UL><LI> arm_startup_nrf51422_s310.o(RESET)
</UL>
<P><STRONG><a name="[20]"></a>SWI1_IRQHandler</STRONG> (Thumb, 0 bytes, Stack size 0 bytes, arm_startup_nrf51422_s310.o(.text))
<BR>[Address Reference Count : 1]<UL><LI> arm_startup_nrf51422_s310.o(RESET)
</UL>
<P><STRONG><a name="[22]"></a>SWI3_IRQHandler</STRONG> (Thumb, 0 bytes, Stack size 0 bytes, arm_startup_nrf51422_s310.o(.text))
<BR>[Address Reference Count : 1]<UL><LI> arm_startup_nrf51422_s310.o(RESET)
</UL>
<P><STRONG><a name="[23]"></a>SWI4_IRQHandler</STRONG> (Thumb, 0 bytes, Stack size 0 bytes, arm_startup_nrf51422_s310.o(.text))
<BR>[Address Reference Count : 1]<UL><LI> arm_startup_nrf51422_s310.o(RESET)
</UL>
<P><STRONG><a name="[24]"></a>SWI5_IRQHandler</STRONG> (Thumb, 0 bytes, Stack size 0 bytes, arm_startup_nrf51422_s310.o(.text))
<BR>[Address Reference Count : 1]<UL><LI> arm_startup_nrf51422_s310.o(RESET)
</UL>
<P><STRONG><a name="[17]"></a>TEMP_IRQHandler</STRONG> (Thumb, 0 bytes, Stack size 0 bytes, arm_startup_nrf51422_s310.o(.text))
<BR>[Address Reference Count : 1]<UL><LI> arm_startup_nrf51422_s310.o(RESET)
</UL>
<P><STRONG><a name="[13]"></a>TIMER0_IRQHandler</STRONG> (Thumb, 0 bytes, Stack size 0 bytes, arm_startup_nrf51422_s310.o(.text))
<BR>[Address Reference Count : 1]<UL><LI> arm_startup_nrf51422_s310.o(RESET)
</UL>
<P><STRONG><a name="[14]"></a>TIMER1_IRQHandler</STRONG> (Thumb, 0 bytes, Stack size 0 bytes, arm_startup_nrf51422_s310.o(.text))
<BR>[Address Reference Count : 1]<UL><LI> arm_startup_nrf51422_s310.o(RESET)
</UL>
<P><STRONG><a name="[1b]"></a>WDT_IRQHandler</STRONG> (Thumb, 0 bytes, Stack size 0 bytes, arm_startup_nrf51422_s310.o(.text))
<BR>[Address Reference Count : 1]<UL><LI> arm_startup_nrf51422_s310.o(RESET)
</UL>
<P><STRONG><a name="[1b3]"></a>__user_initial_stackheap</STRONG> (Thumb, 0 bytes, Stack size unknown bytes, arm_startup_nrf51422_s310.o(.text))
<BR><BR>[Called By]<UL><LI><a href="#[41]">&gt;&gt;</a>&nbsp;&nbsp;&nbsp;__user_setup_stackheap
</UL>

<P><STRONG><a name="[1de]"></a>SystemCoreClockUpdate</STRONG> (Thumb, 8 bytes, Stack size 0 bytes, system_nrf51.o(.text), UNUSED)

<P><STRONG><a name="[25]"></a>SystemInit</STRONG> (Thumb, 38 bytes, Stack size 8 bytes, system_nrf51.o(.text))
<BR><BR>[Stack]<UL><LI>Max Depth = 8<LI>Call Chain = SystemInit
</UL>
<BR>[Calls]<UL><LI><a href="#[51]">&gt;&gt;</a>&nbsp;&nbsp;&nbsp;is_manual_peripheral_setup_needed
<LI><a href="#[52]">&gt;&gt;</a>&nbsp;&nbsp;&nbsp;is_disabled_in_debug_needed
</UL>
<BR>[Address Reference Count : 1]<UL><LI> arm_startup_nrf51422_s310.o(.text)
</UL>
<P><STRONG><a name="[53]"></a>ppi_init</STRONG> (Thumb, 30 bytes, Stack size 24 bytes, main.o(.text))
<BR><BR>[Stack]<UL><LI>Max Depth = 56<LI>Call Chain = ppi_init &rArr; nrf_pwm_init &rArr; ppi_enable_channel
</UL>
<BR>[Calls]<UL><LI><a href="#[54]">&gt;&gt;</a>&nbsp;&nbsp;&nbsp;nrf_pwm_init
</UL>
<BR>[Called By]<UL><LI><a href="#[45]">&gt;&gt;</a>&nbsp;&nbsp;&nbsp;main
</UL>

<P><STRONG><a name="[17a]"></a>adc_NTC_init</STRONG> (Thumb, 14 bytes, Stack size 0 bytes, main.o(.text))
<BR><BR>[Called By]<UL><LI><a href="#[179]">&gt;&gt;</a>&nbsp;&nbsp;&nbsp;decode_op_req_msg
</UL>

<P><STRONG><a name="[17c]"></a>adc_CO2_init</STRONG> (Thumb, 14 bytes, Stack size 0 bytes, main.o(.text))
<BR><BR>[Called By]<UL><LI><a href="#[ab]">&gt;&gt;</a>&nbsp;&nbsp;&nbsp;devkitCommandExecution
<LI><a href="#[179]">&gt;&gt;</a>&nbsp;&nbsp;&nbsp;decode_op_req_msg
</UL>

<P><STRONG><a name="[17e]"></a>adc_bat_volt_init</STRONG> (Thumb, 14 bytes, Stack size 0 bytes, main.o(.text))
<BR><BR>[Called By]<UL><LI><a href="#[179]">&gt;&gt;</a>&nbsp;&nbsp;&nbsp;decode_op_req_msg
</UL>

<P><STRONG><a name="[55]"></a>app_error_handler</STRONG> (Thumb, 26 bytes, Stack size 0 bytes, main.o(.text))
<BR><BR>[Stack]<UL><LI>Max Depth = 144 + Unknown Stack Size
<LI>Call Chain = app_error_handler &rArr; ble_debug_assert_handler &rArr; __2sprintf &rArr; _printf_char_common &rArr; __printf
</UL>
<BR>[Calls]<UL><LI><a href="#[56]">&gt;&gt;</a>&nbsp;&nbsp;&nbsp;simple_uart_putstring
<LI><a href="#[57]">&gt;&gt;</a>&nbsp;&nbsp;&nbsp;ble_debug_assert_handler
<LI><a href="#[58]">&gt;&gt;</a>&nbsp;&nbsp;&nbsp;NVIC_SystemReset
</UL>
<BR>[Called By]<UL><LI><a href="#[2c]">&gt;&gt;</a>&nbsp;&nbsp;&nbsp;on_ant_evt
<LI><a href="#[62]">&gt;&gt;</a>&nbsp;&nbsp;&nbsp;get_battery_level
<LI><a href="#[9d]">&gt;&gt;</a>&nbsp;&nbsp;&nbsp;antPx_SetDataOnCH1
<LI><a href="#[45]">&gt;&gt;</a>&nbsp;&nbsp;&nbsp;main
<LI><a href="#[9c]">&gt;&gt;</a>&nbsp;&nbsp;&nbsp;antPx_NodeSetUp
<LI><a href="#[97]">&gt;&gt;</a>&nbsp;&nbsp;&nbsp;flash_ClearPage
<LI><a href="#[93]">&gt;&gt;</a>&nbsp;&nbsp;&nbsp;FlashWrite
<LI><a href="#[8f]">&gt;&gt;</a>&nbsp;&nbsp;&nbsp;flash_manager_init
<LI><a href="#[28]">&gt;&gt;</a>&nbsp;&nbsp;&nbsp;antIx_SecTimer
<LI><a href="#[5f]">&gt;&gt;</a>&nbsp;&nbsp;&nbsp;timers_start
<LI><a href="#[5e]">&gt;&gt;</a>&nbsp;&nbsp;&nbsp;advertising_stop
<LI><a href="#[5c]">&gt;&gt;</a>&nbsp;&nbsp;&nbsp;advertising_start
<LI><a href="#[5a]">&gt;&gt;</a>&nbsp;&nbsp;&nbsp;timers_stop
<LI><a href="#[59]">&gt;&gt;</a>&nbsp;&nbsp;&nbsp;assert_nrf_callback
<LI><a href="#[9b]">&gt;&gt;</a>&nbsp;&nbsp;&nbsp;antPx_Ch1SetUpAsMaster
<LI><a href="#[9a]">&gt;&gt;</a>&nbsp;&nbsp;&nbsp;antPx_Ch0SetUpAsSlave
<LI><a href="#[91]">&gt;&gt;</a>&nbsp;&nbsp;&nbsp;flash_data_manager_init
<LI><a href="#[2f]">&gt;&gt;</a>&nbsp;&nbsp;&nbsp;app_flashmanager_error_handler
<LI><a href="#[2e]">&gt;&gt;</a>&nbsp;&nbsp;&nbsp;af_pstorage_cb_handler
<LI><a href="#[8d]">&gt;&gt;</a>&nbsp;&nbsp;&nbsp;power_manage
<LI><a href="#[88]">&gt;&gt;</a>&nbsp;&nbsp;&nbsp;ble_ant_stack_init
<LI><a href="#[85]">&gt;&gt;</a>&nbsp;&nbsp;&nbsp;buttons_init
<LI><a href="#[5]">&gt;&gt;</a>&nbsp;&nbsp;&nbsp;button_event_handler
<LI><a href="#[82]">&gt;&gt;</a>&nbsp;&nbsp;&nbsp;gpiote_init
<LI><a href="#[77]">&gt;&gt;</a>&nbsp;&nbsp;&nbsp;on_ble_evt
<LI><a href="#[75]">&gt;&gt;</a>&nbsp;&nbsp;&nbsp;conn_params_init
<LI><a href="#[2a]">&gt;&gt;</a>&nbsp;&nbsp;&nbsp;conn_params_error_handler
<LI><a href="#[29]">&gt;&gt;</a>&nbsp;&nbsp;&nbsp;on_conn_params_evt
<LI><a href="#[71]">&gt;&gt;</a>&nbsp;&nbsp;&nbsp;dev_kit_service_init
<LI><a href="#[6e]">&gt;&gt;</a>&nbsp;&nbsp;&nbsp;dis_init
<LI><a href="#[6c]">&gt;&gt;</a>&nbsp;&nbsp;&nbsp;bas_init
<LI><a href="#[6a]">&gt;&gt;</a>&nbsp;&nbsp;&nbsp;advertising_init
<LI><a href="#[69]">&gt;&gt;</a>&nbsp;&nbsp;&nbsp;gap_params_init
<LI><a href="#[66]">&gt;&gt;</a>&nbsp;&nbsp;&nbsp;timers_init
<LI><a href="#[12d]">&gt;&gt;</a>&nbsp;&nbsp;&nbsp;button_handler_execute
<LI><a href="#[21]">&gt;&gt;</a>&nbsp;&nbsp;&nbsp;SWI2_IRQHandler
<LI><a href="#[123]">&gt;&gt;</a>&nbsp;&nbsp;&nbsp;intern_softdevice_events_execute
<LI><a href="#[121]">&gt;&gt;</a>&nbsp;&nbsp;&nbsp;sl_host_disconnection
<LI><a href="#[f4]">&gt;&gt;</a>&nbsp;&nbsp;&nbsp;timeout_handler_exec
<LI><a href="#[d8]">&gt;&gt;</a>&nbsp;&nbsp;&nbsp;sr_char_add_string
<LI><a href="#[d5]">&gt;&gt;</a>&nbsp;&nbsp;&nbsp;char_add
<LI><a href="#[d3]">&gt;&gt;</a>&nbsp;&nbsp;&nbsp;pnp_id_encode
<LI><a href="#[d2]">&gt;&gt;</a>&nbsp;&nbsp;&nbsp;sys_id_encode
<LI><a href="#[d1]">&gt;&gt;</a>&nbsp;&nbsp;&nbsp;ble_srv_report_ref_encode
<LI><a href="#[180]">&gt;&gt;</a>&nbsp;&nbsp;&nbsp;bleP1_CommandExecuter
<LI><a href="#[14c]">&gt;&gt;</a>&nbsp;&nbsp;&nbsp;antPx_ProcessAckMessageAtCH0
<LI><a href="#[14b]">&gt;&gt;</a>&nbsp;&nbsp;&nbsp;antPx_SendAsyncMsgToMaster
<LI><a href="#[14a]">&gt;&gt;</a>&nbsp;&nbsp;&nbsp;antPx_SendResToMasterForRemoteReq
<LI><a href="#[149]">&gt;&gt;</a>&nbsp;&nbsp;&nbsp;antPx_FwdMsgToMaster
<LI><a href="#[148]">&gt;&gt;</a>&nbsp;&nbsp;&nbsp;antPx_SendAddNodeRequest
<LI><a href="#[145]">&gt;&gt;</a>&nbsp;&nbsp;&nbsp;antPx_ProcessBroadCastMessageAtCH0
</UL>

<P><STRONG><a name="[59]"></a>assert_nrf_callback</STRONG> (Thumb, 14 bytes, Stack size 0 bytes, main.o(.text))
<BR><BR>[Stack]<UL><LI>Max Depth = 144 + Unknown Stack Size
<LI>Call Chain = assert_nrf_callback &rArr; app_error_handler &rArr; ble_debug_assert_handler &rArr; __2sprintf &rArr; _printf_char_common &rArr; __printf
</UL>
<BR>[Calls]<UL><LI><a href="#[55]">&gt;&gt;</a>&nbsp;&nbsp;&nbsp;app_error_handler
</UL>
<BR>[Called By]<UL><LI><a href="#[31]">&gt;&gt;</a>&nbsp;&nbsp;&nbsp;softdevice_assertion_handler
</UL>

<P><STRONG><a name="[5a]"></a>timers_stop</STRONG> (Thumb, 38 bytes, Stack size 16 bytes, main.o(.text), UNUSED)
<BR><BR>[Calls]<UL><LI><a href="#[5b]">&gt;&gt;</a>&nbsp;&nbsp;&nbsp;app_timer_stop
<LI><a href="#[55]">&gt;&gt;</a>&nbsp;&nbsp;&nbsp;app_error_handler
</UL>

<P><STRONG><a name="[5c]"></a>advertising_start</STRONG> (Thumb, 62 bytes, Stack size 16 bytes, main.o(.text))
<BR><BR>[Stack]<UL><LI>Max Depth = 160 + Unknown Stack Size
<LI>Call Chain = advertising_start &rArr; app_error_handler &rArr; ble_debug_assert_handler &rArr; __2sprintf &rArr; _printf_char_common &rArr; __printf
</UL>
<BR>[Calls]<UL><LI><a href="#[55]">&gt;&gt;</a>&nbsp;&nbsp;&nbsp;app_error_handler
<LI><a href="#[5d]">&gt;&gt;</a>&nbsp;&nbsp;&nbsp;__aeabi_memclr4
</UL>
<BR>[Called By]<UL><LI><a href="#[45]">&gt;&gt;</a>&nbsp;&nbsp;&nbsp;main
<LI><a href="#[77]">&gt;&gt;</a>&nbsp;&nbsp;&nbsp;on_ble_evt
</UL>

<P><STRONG><a name="[5e]"></a>advertising_stop</STRONG> (Thumb, 32 bytes, Stack size 16 bytes, main.o(.text), UNUSED)
<BR><BR>[Calls]<UL><LI><a href="#[55]">&gt;&gt;</a>&nbsp;&nbsp;&nbsp;app_error_handler
</UL>

<P><STRONG><a name="[5f]"></a>timers_start</STRONG> (Thumb, 82 bytes, Stack size 16 bytes, main.o(.text))
<BR><BR>[Stack]<UL><LI>Max Depth = 160 + Unknown Stack Size
<LI>Call Chain = timers_start &rArr; app_error_handler &rArr; ble_debug_assert_handler &rArr; __2sprintf &rArr; _printf_char_common &rArr; __printf
</UL>
<BR>[Calls]<UL><LI><a href="#[60]">&gt;&gt;</a>&nbsp;&nbsp;&nbsp;app_timer_start
<LI><a href="#[55]">&gt;&gt;</a>&nbsp;&nbsp;&nbsp;app_error_handler
</UL>
<BR>[Called By]<UL><LI><a href="#[45]">&gt;&gt;</a>&nbsp;&nbsp;&nbsp;main
<LI><a href="#[5]">&gt;&gt;</a>&nbsp;&nbsp;&nbsp;button_event_handler
</UL>

<P><STRONG><a name="[28]"></a>antIx_SecTimer</STRONG> (Thumb, 172 bytes, Stack size 16 bytes, main.o(.text))
<BR><BR>[Stack]<UL><LI>Max Depth = 160 + Unknown Stack Size
<LI>Call Chain = antIx_SecTimer &rArr; app_error_handler &rArr; ble_debug_assert_handler &rArr; __2sprintf &rArr; _printf_char_common &rArr; __printf
</UL>
<BR>[Calls]<UL><LI><a href="#[56]">&gt;&gt;</a>&nbsp;&nbsp;&nbsp;simple_uart_putstring
<LI><a href="#[65]">&gt;&gt;</a>&nbsp;&nbsp;&nbsp;antP2_ClearDynaConfiguration
<LI><a href="#[55]">&gt;&gt;</a>&nbsp;&nbsp;&nbsp;app_error_handler
</UL>
<BR>[Address Reference Count : 1]<UL><LI> main.o(.text)
</UL>
<P><STRONG><a name="[8f]"></a>flash_manager_init</STRONG> (Thumb, 136 bytes, Stack size 24 bytes, main.o(.text))
<BR><BR>[Stack]<UL><LI>Max Depth = 168 + Unknown Stack Size
<LI>Call Chain = flash_manager_init &rArr; app_error_handler &rArr; ble_debug_assert_handler &rArr; __2sprintf &rArr; _printf_char_common &rArr; __printf
</UL>
<BR>[Calls]<UL><LI><a href="#[90]">&gt;&gt;</a>&nbsp;&nbsp;&nbsp;pstorage_register
<LI><a href="#[55]">&gt;&gt;</a>&nbsp;&nbsp;&nbsp;app_error_handler
</UL>
<BR>[Called By]<UL><LI><a href="#[91]">&gt;&gt;</a>&nbsp;&nbsp;&nbsp;flash_data_manager_init
</UL>

<P><STRONG><a name="[93]"></a>FlashWrite</STRONG> (Thumb, 96 bytes, Stack size 40 bytes, main.o(.text))
<BR><BR>[Stack]<UL><LI>Max Depth = 200 + Unknown Stack Size
<LI>Call Chain = FlashWrite &rArr; pstorage_store &rArr; cmd_queue_enqueue &rArr; cmd_process &rArr; swap_state_process &rArr; __ARM_common_switch8
</UL>
<BR>[Calls]<UL><LI><a href="#[96]">&gt;&gt;</a>&nbsp;&nbsp;&nbsp;pstorage_store
<LI><a href="#[94]">&gt;&gt;</a>&nbsp;&nbsp;&nbsp;pstorage_clear
<LI><a href="#[95]">&gt;&gt;</a>&nbsp;&nbsp;&nbsp;pstorage_block_identifier_get
<LI><a href="#[55]">&gt;&gt;</a>&nbsp;&nbsp;&nbsp;app_error_handler
</UL>
<BR>[Called By]<UL><LI><a href="#[ae]">&gt;&gt;</a>&nbsp;&nbsp;&nbsp;sl_config_by_uart
<LI><a href="#[45]">&gt;&gt;</a>&nbsp;&nbsp;&nbsp;main
<LI><a href="#[16e]">&gt;&gt;</a>&nbsp;&nbsp;&nbsp;sl_factory_reset
<LI><a href="#[15f]">&gt;&gt;</a>&nbsp;&nbsp;&nbsp;ReadPermConfiguration
<LI><a href="#[15c]">&gt;&gt;</a>&nbsp;&nbsp;&nbsp;bleP2_ReadDynaConfiguration
</UL>

<P><STRONG><a name="[97]"></a>flash_ClearPage</STRONG> (Thumb, 40 bytes, Stack size 24 bytes, main.o(.text))
<BR><BR>[Stack]<UL><LI>Max Depth = 184 + Unknown Stack Size
<LI>Call Chain = flash_ClearPage &rArr; pstorage_clear &rArr; cmd_queue_enqueue &rArr; cmd_process &rArr; swap_state_process &rArr; __ARM_common_switch8
</UL>
<BR>[Calls]<UL><LI><a href="#[94]">&gt;&gt;</a>&nbsp;&nbsp;&nbsp;pstorage_clear
<LI><a href="#[55]">&gt;&gt;</a>&nbsp;&nbsp;&nbsp;app_error_handler
</UL>
<BR>[Called By]<UL><LI><a href="#[14c]">&gt;&gt;</a>&nbsp;&nbsp;&nbsp;antPx_ProcessAckMessageAtCH0
</UL>

<P><STRONG><a name="[98]"></a>variable_init</STRONG> (Thumb, 314 bytes, Stack size 8 bytes, main.o(.text))
<BR><BR>[Stack]<UL><LI>Max Depth = 8<LI>Call Chain = variable_init
</UL>
<BR>[Calls]<UL><LI><a href="#[99]">&gt;&gt;</a>&nbsp;&nbsp;&nbsp;__aeabi_memclr
</UL>
<BR>[Called By]<UL><LI><a href="#[45]">&gt;&gt;</a>&nbsp;&nbsp;&nbsp;main
</UL>

<P><STRONG><a name="[9c]"></a>antPx_NodeSetUp</STRONG> (Thumb, 130 bytes, Stack size 16 bytes, main.o(.text))
<BR><BR>[Stack]<UL><LI>Max Depth = 184 + Unknown Stack Size
<LI>Call Chain = antPx_NodeSetUp &rArr; antPx_SetDataOnCH1 &rArr; app_error_handler &rArr; ble_debug_assert_handler &rArr; __2sprintf &rArr; _printf_char_common &rArr; __printf
</UL>
<BR>[Calls]<UL><LI><a href="#[56]">&gt;&gt;</a>&nbsp;&nbsp;&nbsp;simple_uart_putstring
<LI><a href="#[9d]">&gt;&gt;</a>&nbsp;&nbsp;&nbsp;antPx_SetDataOnCH1
<LI><a href="#[55]">&gt;&gt;</a>&nbsp;&nbsp;&nbsp;app_error_handler
<LI><a href="#[9b]">&gt;&gt;</a>&nbsp;&nbsp;&nbsp;antPx_Ch1SetUpAsMaster
<LI><a href="#[9a]">&gt;&gt;</a>&nbsp;&nbsp;&nbsp;antPx_Ch0SetUpAsSlave
</UL>
<BR>[Called By]<UL><LI><a href="#[45]">&gt;&gt;</a>&nbsp;&nbsp;&nbsp;main
</UL>

<P><STRONG><a name="[9e]"></a>EncryptSerialNumber</STRONG> (Thumb, 54 bytes, Stack size 8 bytes, main.o(.text))
<BR><BR>[Stack]<UL><LI>Max Depth = 864<LI>Call Chain = EncryptSerialNumber &rArr; SmartDeviceSerialNumberEncryptBy_AES_CBC &rArr; blePx_EncryptData &rArr; aes_128_cbc_encrypt &rArr; aes_encrypt_init &rArr; rijndaelKeySetupEnc
</UL>
<BR>[Calls]<UL><LI><a href="#[a0]">&gt;&gt;</a>&nbsp;&nbsp;&nbsp;SmartDeviceSerialNumberEncryptBy_AES_CBC
<LI><a href="#[5d]">&gt;&gt;</a>&nbsp;&nbsp;&nbsp;__aeabi_memclr4
<LI><a href="#[9f]">&gt;&gt;</a>&nbsp;&nbsp;&nbsp;__aeabi_memcpy
</UL>
<BR>[Called By]<UL><LI><a href="#[45]">&gt;&gt;</a>&nbsp;&nbsp;&nbsp;main
</UL>

<P><STRONG><a name="[a1]"></a>Ul_gpio_int</STRONG> (Thumb, 40 bytes, Stack size 8 bytes, main.o(.text), UNUSED)
<BR><BR>[Calls]<UL><LI><a href="#[a3]">&gt;&gt;</a>&nbsp;&nbsp;&nbsp;nrf_gpio_pin_set
<LI><a href="#[a2]">&gt;&gt;</a>&nbsp;&nbsp;&nbsp;nrf_gpio_cfg_output
</UL>

<P><STRONG><a name="[45]"></a>main</STRONG> (Thumb, 890 bytes, Stack size 8 bytes, main.o(.text))
<BR><BR>[Stack]<UL><LI>Max Depth = 936 + Unknown Stack Size
<LI>Call Chain = main &rArr; bleP0_BleAppDevkitCommandExecution &rArr; bleP1_CommandExecuter &rArr; blePx_DecryptData &rArr; aes_128_cbc_decrypt &rArr; aes_decrypt_init &rArr; rijndaelKeySetupDec &rArr; rijndaelKeySetupEnc
</UL>
<BR>[Calls]<UL><LI><a href="#[a9]">&gt;&gt;</a>&nbsp;&nbsp;&nbsp;twi_master_init
<LI><a href="#[ae]">&gt;&gt;</a>&nbsp;&nbsp;&nbsp;sl_config_by_uart
<LI><a href="#[56]">&gt;&gt;</a>&nbsp;&nbsp;&nbsp;simple_uart_putstring
<LI><a href="#[b2]">&gt;&gt;</a>&nbsp;&nbsp;&nbsp;gen_PrintHexStr
<LI><a href="#[ac]">&gt;&gt;</a>&nbsp;&nbsp;&nbsp;gen_PrintHex
<LI><a href="#[a7]">&gt;&gt;</a>&nbsp;&nbsp;&nbsp;display_config_data
<LI><a href="#[a6]">&gt;&gt;</a>&nbsp;&nbsp;&nbsp;devkit_Configuration
<LI><a href="#[ab]">&gt;&gt;</a>&nbsp;&nbsp;&nbsp;devkitCommandExecution
<LI><a href="#[a4]">&gt;&gt;</a>&nbsp;&nbsp;&nbsp;development_kit_gpio_init
<LI><a href="#[b4]">&gt;&gt;</a>&nbsp;&nbsp;&nbsp;ble_sr_operation_status_update
<LI><a href="#[b3]">&gt;&gt;</a>&nbsp;&nbsp;&nbsp;ble_sr_device_state_update
<LI><a href="#[b1]">&gt;&gt;</a>&nbsp;&nbsp;&nbsp;bleP0_ReceviedBleMsgOnAnt
<LI><a href="#[af]">&gt;&gt;</a>&nbsp;&nbsp;&nbsp;bleP0_BleAppDevkitCommandExecution
<LI><a href="#[a5]">&gt;&gt;</a>&nbsp;&nbsp;&nbsp;app_button_enable
<LI><a href="#[b0]">&gt;&gt;</a>&nbsp;&nbsp;&nbsp;antPx_SendBleMsgOnAnt
<LI><a href="#[aa]">&gt;&gt;</a>&nbsp;&nbsp;&nbsp;Initialize_Accelerometer
<LI><a href="#[ad]">&gt;&gt;</a>&nbsp;&nbsp;&nbsp;AntAschyncEvent
<LI><a href="#[9e]">&gt;&gt;</a>&nbsp;&nbsp;&nbsp;EncryptSerialNumber
<LI><a href="#[9c]">&gt;&gt;</a>&nbsp;&nbsp;&nbsp;antPx_NodeSetUp
<LI><a href="#[98]">&gt;&gt;</a>&nbsp;&nbsp;&nbsp;variable_init
<LI><a href="#[93]">&gt;&gt;</a>&nbsp;&nbsp;&nbsp;FlashWrite
<LI><a href="#[5f]">&gt;&gt;</a>&nbsp;&nbsp;&nbsp;timers_start
<LI><a href="#[5c]">&gt;&gt;</a>&nbsp;&nbsp;&nbsp;advertising_start
<LI><a href="#[55]">&gt;&gt;</a>&nbsp;&nbsp;&nbsp;app_error_handler
<LI><a href="#[53]">&gt;&gt;</a>&nbsp;&nbsp;&nbsp;ppi_init
<LI><a href="#[58]">&gt;&gt;</a>&nbsp;&nbsp;&nbsp;NVIC_SystemReset
<LI><a href="#[91]">&gt;&gt;</a>&nbsp;&nbsp;&nbsp;flash_data_manager_init
<LI><a href="#[8d]">&gt;&gt;</a>&nbsp;&nbsp;&nbsp;power_manage
<LI><a href="#[88]">&gt;&gt;</a>&nbsp;&nbsp;&nbsp;ble_ant_stack_init
<LI><a href="#[85]">&gt;&gt;</a>&nbsp;&nbsp;&nbsp;buttons_init
<LI><a href="#[82]">&gt;&gt;</a>&nbsp;&nbsp;&nbsp;gpiote_init
<LI><a href="#[75]">&gt;&gt;</a>&nbsp;&nbsp;&nbsp;conn_params_init
<LI><a href="#[a8]">&gt;&gt;</a>&nbsp;&nbsp;&nbsp;sec_params_init
<LI><a href="#[74]">&gt;&gt;</a>&nbsp;&nbsp;&nbsp;services_init
<LI><a href="#[6a]">&gt;&gt;</a>&nbsp;&nbsp;&nbsp;advertising_init
<LI><a href="#[69]">&gt;&gt;</a>&nbsp;&nbsp;&nbsp;gap_params_init
<LI><a href="#[66]">&gt;&gt;</a>&nbsp;&nbsp;&nbsp;timers_init
<LI><a href="#[63]">&gt;&gt;</a>&nbsp;&nbsp;&nbsp;uart_init
<LI><a href="#[9f]">&gt;&gt;</a>&nbsp;&nbsp;&nbsp;__aeabi_memcpy
</UL>
<BR>[Called By]<UL><LI><a href="#[44]">&gt;&gt;</a>&nbsp;&nbsp;&nbsp;__rt_entry_main
</UL>

<P><STRONG><a name="[b5]"></a>battery_level_in_percent</STRONG> (Thumb, 182 bytes, Stack size 16 bytes, battery.o(.text))
<BR><BR>[Stack]<UL><LI>Max Depth = 24<LI>Call Chain = battery_level_in_percent &rArr; __aeabi_idivmod
</UL>
<BR>[Calls]<UL><LI><a href="#[b6]">&gt;&gt;</a>&nbsp;&nbsp;&nbsp;__aeabi_idivmod
</UL>
<BR>[Called By]<UL><LI><a href="#[62]">&gt;&gt;</a>&nbsp;&nbsp;&nbsp;get_battery_level
</UL>

<P><STRONG><a name="[164]"></a>get_battery_voltage</STRONG> (Thumb, 44 bytes, Stack size 0 bytes, battery.o(.text))
<BR><BR>[Called By]<UL><LI><a href="#[ae]">&gt;&gt;</a>&nbsp;&nbsp;&nbsp;sl_config_by_uart
<LI><a href="#[ab]">&gt;&gt;</a>&nbsp;&nbsp;&nbsp;devkitCommandExecution
</UL>

<P><STRONG><a name="[62]"></a>get_battery_level</STRONG> (Thumb, 164 bytes, Stack size 24 bytes, battery.o(.text))
<BR><BR>[Stack]<UL><LI>Max Depth = 168 + Unknown Stack Size
<LI>Call Chain = get_battery_level &rArr; app_error_handler &rArr; ble_debug_assert_handler &rArr; __2sprintf &rArr; _printf_char_common &rArr; __printf
</UL>
<BR>[Calls]<UL><LI><a href="#[b7]">&gt;&gt;</a>&nbsp;&nbsp;&nbsp;ble_bas_battery_level_update
<LI><a href="#[b5]">&gt;&gt;</a>&nbsp;&nbsp;&nbsp;battery_level_in_percent
<LI><a href="#[55]">&gt;&gt;</a>&nbsp;&nbsp;&nbsp;app_error_handler
<LI><a href="#[b6]">&gt;&gt;</a>&nbsp;&nbsp;&nbsp;__aeabi_idivmod
</UL>
<BR>[Called By]<UL><LI><a href="#[7f]">&gt;&gt;</a>&nbsp;&nbsp;&nbsp;ble_conn_params_on_ble_evt
<LI><a href="#[27]">&gt;&gt;</a>&nbsp;&nbsp;&nbsp;second_timeout_handler
</UL>

<P><STRONG><a name="[b8]"></a>green_led_on</STRONG> (Thumb, 10 bytes, Stack size 8 bytes, led.o(.text))
<BR><BR>[Stack]<UL><LI>Max Depth = 8<LI>Call Chain = green_led_on
</UL>
<BR>[Calls]<UL><LI><a href="#[b9]">&gt;&gt;</a>&nbsp;&nbsp;&nbsp;nrf_gpio_pin_set
</UL>
<BR>[Called By]<UL><LI><a href="#[ab]">&gt;&gt;</a>&nbsp;&nbsp;&nbsp;devkitCommandExecution
<LI><a href="#[179]">&gt;&gt;</a>&nbsp;&nbsp;&nbsp;decode_op_req_msg
<LI><a href="#[151]">&gt;&gt;</a>&nbsp;&nbsp;&nbsp;antPx_ProcessBurstMessageAtCH0
</UL>

<P><STRONG><a name="[7a]"></a>green_led_off</STRONG> (Thumb, 10 bytes, Stack size 8 bytes, led.o(.text))
<BR><BR>[Stack]<UL><LI>Max Depth = 8<LI>Call Chain = green_led_off
</UL>
<BR>[Calls]<UL><LI><a href="#[ba]">&gt;&gt;</a>&nbsp;&nbsp;&nbsp;nrf_gpio_pin_clear
</UL>
<BR>[Called By]<UL><LI><a href="#[7e]">&gt;&gt;</a>&nbsp;&nbsp;&nbsp;reset_all_the_timer_and_flg
<LI><a href="#[ab]">&gt;&gt;</a>&nbsp;&nbsp;&nbsp;devkitCommandExecution
<LI><a href="#[61]">&gt;&gt;</a>&nbsp;&nbsp;&nbsp;app_timer_activity
<LI><a href="#[77]">&gt;&gt;</a>&nbsp;&nbsp;&nbsp;on_ble_evt
<LI><a href="#[179]">&gt;&gt;</a>&nbsp;&nbsp;&nbsp;decode_op_req_msg
<LI><a href="#[151]">&gt;&gt;</a>&nbsp;&nbsp;&nbsp;antPx_ProcessBurstMessageAtCH0
</UL>

<P><STRONG><a name="[78]"></a>blue_led_on</STRONG> (Thumb, 10 bytes, Stack size 8 bytes, led.o(.text))
<BR><BR>[Stack]<UL><LI>Max Depth = 8<LI>Call Chain = blue_led_on
</UL>
<BR>[Calls]<UL><LI><a href="#[b9]">&gt;&gt;</a>&nbsp;&nbsp;&nbsp;nrf_gpio_pin_set
</UL>
<BR>[Called By]<UL><LI><a href="#[77]">&gt;&gt;</a>&nbsp;&nbsp;&nbsp;on_ble_evt
<LI><a href="#[179]">&gt;&gt;</a>&nbsp;&nbsp;&nbsp;decode_op_req_msg
</UL>

<P><STRONG><a name="[79]"></a>blue_led_off</STRONG> (Thumb, 10 bytes, Stack size 8 bytes, led.o(.text))
<BR><BR>[Stack]<UL><LI>Max Depth = 8<LI>Call Chain = blue_led_off
</UL>
<BR>[Calls]<UL><LI><a href="#[ba]">&gt;&gt;</a>&nbsp;&nbsp;&nbsp;nrf_gpio_pin_clear
</UL>
<BR>[Called By]<UL><LI><a href="#[77]">&gt;&gt;</a>&nbsp;&nbsp;&nbsp;on_ble_evt
<LI><a href="#[179]">&gt;&gt;</a>&nbsp;&nbsp;&nbsp;decode_op_req_msg
</UL>

<P><STRONG><a name="[bb]"></a>all_led_on</STRONG> (Thumb, 16 bytes, Stack size 8 bytes, led.o(.text))
<BR><BR>[Stack]<UL><LI>Max Depth = 8<LI>Call Chain = all_led_on
</UL>
<BR>[Calls]<UL><LI><a href="#[b9]">&gt;&gt;</a>&nbsp;&nbsp;&nbsp;nrf_gpio_pin_set
</UL>
<BR>[Called By]<UL><LI><a href="#[61]">&gt;&gt;</a>&nbsp;&nbsp;&nbsp;app_timer_activity
</UL>

<P><STRONG><a name="[bc]"></a>all_led_off</STRONG> (Thumb, 16 bytes, Stack size 8 bytes, led.o(.text))
<BR><BR>[Stack]<UL><LI>Max Depth = 8<LI>Call Chain = all_led_off
</UL>
<BR>[Calls]<UL><LI><a href="#[ba]">&gt;&gt;</a>&nbsp;&nbsp;&nbsp;nrf_gpio_pin_clear
</UL>
<BR>[Called By]<UL><LI><a href="#[61]">&gt;&gt;</a>&nbsp;&nbsp;&nbsp;app_timer_activity
</UL>

<P><STRONG><a name="[aa]"></a>Initialize_Accelerometer</STRONG> (Thumb, 232 bytes, Stack size 8 bytes, accelerometer.o(.text))
<BR><BR>[Stack]<UL><LI>Max Depth = 24<LI>Call Chain = Initialize_Accelerometer &rArr; twi_master_write
</UL>
<BR>[Calls]<UL><LI><a href="#[bd]">&gt;&gt;</a>&nbsp;&nbsp;&nbsp;twi_master_write
</UL>
<BR>[Called By]<UL><LI><a href="#[45]">&gt;&gt;</a>&nbsp;&nbsp;&nbsp;main
</UL>

<P><STRONG><a name="[be]"></a>Humidity_sensor_data</STRONG> (Thumb, 34 bytes, Stack size 8 bytes, accelerometer.o(.text))
<BR><BR>[Stack]<UL><LI>Max Depth = 32<LI>Call Chain = Humidity_sensor_data &rArr; twi_master_write_read
</UL>
<BR>[Calls]<UL><LI><a href="#[bf]">&gt;&gt;</a>&nbsp;&nbsp;&nbsp;twi_master_write_read
</UL>
<BR>[Called By]<UL><LI><a href="#[ab]">&gt;&gt;</a>&nbsp;&nbsp;&nbsp;devkitCommandExecution
</UL>

<P><STRONG><a name="[c0]"></a>Temperature_sensor_data</STRONG> (Thumb, 34 bytes, Stack size 8 bytes, accelerometer.o(.text), UNUSED)
<BR><BR>[Calls]<UL><LI><a href="#[bf]">&gt;&gt;</a>&nbsp;&nbsp;&nbsp;twi_master_write_read
</UL>

<P><STRONG><a name="[c1]"></a>Read_Coordinate_Data</STRONG> (Thumb, 146 bytes, Stack size 8 bytes, accelerometer.o(.text))
<BR><BR>[Stack]<UL><LI>Max Depth = 32<LI>Call Chain = Read_Coordinate_Data &rArr; twi_master_write_read
</UL>
<BR>[Calls]<UL><LI><a href="#[bf]">&gt;&gt;</a>&nbsp;&nbsp;&nbsp;twi_master_write_read
</UL>
<BR>[Called By]<UL><LI><a href="#[ab]">&gt;&gt;</a>&nbsp;&nbsp;&nbsp;devkitCommandExecution
</UL>

<P><STRONG><a name="[18a]"></a>Tilt_Reg_Data</STRONG> (Thumb, 2 bytes, Stack size 0 bytes, accelerometer.o(.text))
<BR><BR>[Called By]<UL><LI><a href="#[ab]">&gt;&gt;</a>&nbsp;&nbsp;&nbsp;devkitCommandExecution
</UL>

<P><STRONG><a name="[c2]"></a>ADC_count_to_temp_convertor</STRONG> (Thumb, 186 bytes, Stack size 32 bytes, temperature_ntc.o(.text))
<BR><BR>[Stack]<UL><LI>Max Depth = 120<LI>Call Chain = ADC_count_to_temp_convertor &rArr; __aeabi_ddiv
</UL>
<BR>[Calls]<UL><LI><a href="#[c3]">&gt;&gt;</a>&nbsp;&nbsp;&nbsp;__aeabi_i2d
<LI><a href="#[c4]">&gt;&gt;</a>&nbsp;&nbsp;&nbsp;__aeabi_ddiv
<LI><a href="#[c5]">&gt;&gt;</a>&nbsp;&nbsp;&nbsp;__aeabi_d2f
</UL>
<BR>[Called By]<UL><LI><a href="#[c6]">&gt;&gt;</a>&nbsp;&nbsp;&nbsp;get_temperature
</UL>

<P><STRONG><a name="[c7]"></a>get_temperature_count</STRONG> (Thumb, 44 bytes, Stack size 0 bytes, temperature_ntc.o(.text))
<BR><BR>[Called By]<UL><LI><a href="#[c6]">&gt;&gt;</a>&nbsp;&nbsp;&nbsp;get_temperature
</UL>

<P><STRONG><a name="[c6]"></a>get_temperature</STRONG> (Thumb, 52 bytes, Stack size 16 bytes, temperature_ntc.o(.text))
<BR><BR>[Stack]<UL><LI>Max Depth = 136<LI>Call Chain = get_temperature &rArr; ADC_count_to_temp_convertor &rArr; __aeabi_ddiv
</UL>
<BR>[Calls]<UL><LI><a href="#[c7]">&gt;&gt;</a>&nbsp;&nbsp;&nbsp;get_temperature_count
<LI><a href="#[c2]">&gt;&gt;</a>&nbsp;&nbsp;&nbsp;ADC_count_to_temp_convertor
<LI><a href="#[4b]">&gt;&gt;</a>&nbsp;&nbsp;&nbsp;__asm___17_temperature_NTC_c_ec6125df__nrf_delay_us
<LI><a href="#[b6]">&gt;&gt;</a>&nbsp;&nbsp;&nbsp;__aeabi_idivmod
</UL>
<BR>[Called By]<UL><LI><a href="#[ab]">&gt;&gt;</a>&nbsp;&nbsp;&nbsp;devkitCommandExecution
</UL>

<P><STRONG><a name="[18b]"></a>get_co2_voltage</STRONG> (Thumb, 44 bytes, Stack size 0 bytes, co2_sensor.o(.text))
<BR><BR>[Called By]<UL><LI><a href="#[ab]">&gt;&gt;</a>&nbsp;&nbsp;&nbsp;devkitCommandExecution
</UL>

<P><STRONG><a name="[c9]"></a>nrf_pwm_set_enabled</STRONG> (Thumb, 116 bytes, Stack size 12 bytes, pwm.o(.text))
<BR><BR>[Stack]<UL><LI>Max Depth = 12<LI>Call Chain = nrf_pwm_set_enabled
</UL>
<BR>[Called By]<UL><LI><a href="#[c8]">&gt;&gt;</a>&nbsp;&nbsp;&nbsp;set_intensity
</UL>

<P><STRONG><a name="[c8]"></a>set_intensity</STRONG> (Thumb, 62 bytes, Stack size 8 bytes, pwm.o(.text))
<BR><BR>[Stack]<UL><LI>Max Depth = 20<LI>Call Chain = set_intensity &rArr; nrf_pwm_set_enabled
</UL>
<BR>[Calls]<UL><LI><a href="#[c9]">&gt;&gt;</a>&nbsp;&nbsp;&nbsp;nrf_pwm_set_enabled
</UL>
<BR>[Called By]<UL><LI><a href="#[179]">&gt;&gt;</a>&nbsp;&nbsp;&nbsp;decode_op_req_msg
</UL>

<P><STRONG><a name="[ca]"></a>ppi_enable_channel</STRONG> (Thumb, 34 bytes, Stack size 16 bytes, pwm.o(.text))
<BR><BR>[Stack]<UL><LI>Max Depth = 16<LI>Call Chain = ppi_enable_channel
</UL>
<BR>[Called By]<UL><LI><a href="#[54]">&gt;&gt;</a>&nbsp;&nbsp;&nbsp;nrf_pwm_init
</UL>

<P><STRONG><a name="[54]"></a>nrf_pwm_init</STRONG> (Thumb, 346 bytes, Stack size 16 bytes, pwm.o(.text))
<BR><BR>[Stack]<UL><LI>Max Depth = 32<LI>Call Chain = nrf_pwm_init &rArr; ppi_enable_channel
</UL>
<BR>[Calls]<UL><LI><a href="#[8e]">&gt;&gt;</a>&nbsp;&nbsp;&nbsp;__ARM_common_switch8
<LI><a href="#[ca]">&gt;&gt;</a>&nbsp;&nbsp;&nbsp;ppi_enable_channel
</UL>
<BR>[Called By]<UL><LI><a href="#[53]">&gt;&gt;</a>&nbsp;&nbsp;&nbsp;ppi_init
</UL>

<P><STRONG><a name="[cc]"></a>nrf_pwm_set_value</STRONG> (Thumb, 52 bytes, Stack size 0 bytes, pwm.o(.text))
<BR><BR>[Called By]<UL><LI><a href="#[15]">&gt;&gt;</a>&nbsp;&nbsp;&nbsp;TIMER2_IRQHandler
</UL>

<P><STRONG><a name="[1df]"></a>nrf_pwm_set_max_value</STRONG> (Thumb, 50 bytes, Stack size 0 bytes, pwm.o(.text), UNUSED)

<P><STRONG><a name="[15]"></a>TIMER2_IRQHandler</STRONG> (Thumb, 168 bytes, Stack size 8 bytes, pwm.o(.text))
<BR><BR>[Stack]<UL><LI>Max Depth = 24<LI>Call Chain = TIMER2_IRQHandler &rArr; nrf_gpiote_task_config
</UL>
<BR>[Calls]<UL><LI><a href="#[cb]">&gt;&gt;</a>&nbsp;&nbsp;&nbsp;nrf_gpiote_task_config
<LI><a href="#[cc]">&gt;&gt;</a>&nbsp;&nbsp;&nbsp;nrf_pwm_set_value
</UL>
<BR>[Address Reference Count : 1]<UL><LI> arm_startup_nrf51422_s310.o(RESET)
</UL>
<P><STRONG><a name="[80]"></a>ble_bas_on_ble_evt</STRONG> (Thumb, 58 bytes, Stack size 16 bytes, ble_bas.o(.text))
<BR><BR>[Stack]<UL><LI>Max Depth = 40<LI>Call Chain = ble_bas_on_ble_evt &rArr; on_write
</UL>
<BR>[Calls]<UL><LI><a href="#[cf]">&gt;&gt;</a>&nbsp;&nbsp;&nbsp;on_write
<LI><a href="#[ce]">&gt;&gt;</a>&nbsp;&nbsp;&nbsp;on_disconnect
<LI><a href="#[cd]">&gt;&gt;</a>&nbsp;&nbsp;&nbsp;on_connect
</UL>
<BR>[Called By]<UL><LI><a href="#[2b]">&gt;&gt;</a>&nbsp;&nbsp;&nbsp;ble_evt_dispatch
</UL>

<P><STRONG><a name="[6d]"></a>ble_bas_init</STRONG> (Thumb, 66 bytes, Stack size 24 bytes, ble_bas.o(.text))
<BR><BR>[Stack]<UL><LI>Max Depth = 280 + Unknown Stack Size
<LI>Call Chain = ble_bas_init &rArr; battery_level_char_add &rArr; ble_srv_report_ref_encode &rArr; app_error_handler &rArr; ble_debug_assert_handler &rArr; __2sprintf &rArr; _printf_char_common &rArr; __printf
</UL>
<BR>[Calls]<UL><LI><a href="#[d0]">&gt;&gt;</a>&nbsp;&nbsp;&nbsp;battery_level_char_add
</UL>
<BR>[Called By]<UL><LI><a href="#[6c]">&gt;&gt;</a>&nbsp;&nbsp;&nbsp;bas_init
</UL>

<P><STRONG><a name="[b7]"></a>ble_bas_battery_level_update</STRONG> (Thumb, 118 bytes, Stack size 40 bytes, ble_bas.o(.text))
<BR><BR>[Stack]<UL><LI>Max Depth = 40<LI>Call Chain = ble_bas_battery_level_update
</UL>
<BR>[Called By]<UL><LI><a href="#[62]">&gt;&gt;</a>&nbsp;&nbsp;&nbsp;get_battery_level
</UL>

<P><STRONG><a name="[70]"></a>ble_dis_init</STRONG> (Thumb, 386 bytes, Stack size 32 bytes, ble_dis.o(.text))
<BR><BR>[Stack]<UL><LI>Max Depth = 256 + Unknown Stack Size
<LI>Call Chain = ble_dis_init &rArr; char_add &rArr; app_error_handler &rArr; ble_debug_assert_handler &rArr; __2sprintf &rArr; _printf_char_common &rArr; __printf
</UL>
<BR>[Calls]<UL><LI><a href="#[d5]">&gt;&gt;</a>&nbsp;&nbsp;&nbsp;char_add
<LI><a href="#[d3]">&gt;&gt;</a>&nbsp;&nbsp;&nbsp;pnp_id_encode
<LI><a href="#[d2]">&gt;&gt;</a>&nbsp;&nbsp;&nbsp;sys_id_encode
</UL>
<BR>[Called By]<UL><LI><a href="#[6e]">&gt;&gt;</a>&nbsp;&nbsp;&nbsp;dis_init
</UL>

<P><STRONG><a name="[81]"></a>ble_sr_on_ble_evt</STRONG> (Thumb, 44 bytes, Stack size 16 bytes, ble_sr.o(.text))
<BR><BR>[Stack]<UL><LI>Max Depth = 16<LI>Call Chain = ble_sr_on_ble_evt
</UL>
<BR>[Calls]<UL><LI><a href="#[d7]">&gt;&gt;</a>&nbsp;&nbsp;&nbsp;on_disconnect
<LI><a href="#[d6]">&gt;&gt;</a>&nbsp;&nbsp;&nbsp;on_connect
</UL>
<BR>[Called By]<UL><LI><a href="#[2b]">&gt;&gt;</a>&nbsp;&nbsp;&nbsp;ble_evt_dispatch
</UL>

<P><STRONG><a name="[73]"></a>ble_sr_init</STRONG> (Thumb, 254 bytes, Stack size 40 bytes, ble_sr.o(.text))
<BR><BR>[Stack]<UL><LI>Max Depth = 272 + Unknown Stack Size
<LI>Call Chain = ble_sr_init &rArr; sr_char_add_string &rArr; app_error_handler &rArr; ble_debug_assert_handler &rArr; __2sprintf &rArr; _printf_char_common &rArr; __printf
</UL>
<BR>[Calls]<UL><LI><a href="#[da]">&gt;&gt;</a>&nbsp;&nbsp;&nbsp;devkit_char_add_notify
<LI><a href="#[d9]">&gt;&gt;</a>&nbsp;&nbsp;&nbsp;sr_char_add_notify
<LI><a href="#[d8]">&gt;&gt;</a>&nbsp;&nbsp;&nbsp;sr_char_add_string
</UL>
<BR>[Called By]<UL><LI><a href="#[71]">&gt;&gt;</a>&nbsp;&nbsp;&nbsp;dev_kit_service_init
</UL>

<P><STRONG><a name="[b3]"></a>ble_sr_device_state_update</STRONG> (Thumb, 108 bytes, Stack size 40 bytes, ble_sr.o(.text))
<BR><BR>[Stack]<UL><LI>Max Depth = 40<LI>Call Chain = ble_sr_device_state_update
</UL>
<BR>[Called By]<UL><LI><a href="#[45]">&gt;&gt;</a>&nbsp;&nbsp;&nbsp;main
</UL>

<P><STRONG><a name="[b4]"></a>ble_sr_operation_status_update</STRONG> (Thumb, 108 bytes, Stack size 40 bytes, ble_sr.o(.text))
<BR><BR>[Stack]<UL><LI>Max Depth = 40<LI>Call Chain = ble_sr_operation_status_update
</UL>
<BR>[Called By]<UL><LI><a href="#[45]">&gt;&gt;</a>&nbsp;&nbsp;&nbsp;main
<LI><a href="#[180]">&gt;&gt;</a>&nbsp;&nbsp;&nbsp;bleP1_CommandExecuter
<LI><a href="#[178]">&gt;&gt;</a>&nbsp;&nbsp;&nbsp;bleP3_UserAuthenticationProcess
<LI><a href="#[177]">&gt;&gt;</a>&nbsp;&nbsp;&nbsp;bleP2_CommandIDReqVerificationProcess
</UL>

<P><STRONG><a name="[11e]"></a>ble_sr_device_read_buffer_update</STRONG> (Thumb, 110 bytes, Stack size 40 bytes, ble_sr.o(.text))
<BR><BR>[Stack]<UL><LI>Max Depth = 40<LI>Call Chain = ble_sr_device_read_buffer_update
</UL>
<BR>[Called By]<UL><LI><a href="#[7f]">&gt;&gt;</a>&nbsp;&nbsp;&nbsp;ble_conn_params_on_ble_evt
<LI><a href="#[180]">&gt;&gt;</a>&nbsp;&nbsp;&nbsp;bleP1_CommandExecuter
</UL>

<P><STRONG><a name="[db]"></a>ble_mtr_operation_status_update</STRONG> (Thumb, 110 bytes, Stack size 56 bytes, ble_sr.o(.text))
<BR><BR>[Stack]<UL><LI>Max Depth = 80<LI>Call Chain = ble_mtr_operation_status_update &rArr; __aeabi_memcpy
</UL>
<BR>[Calls]<UL><LI><a href="#[9f]">&gt;&gt;</a>&nbsp;&nbsp;&nbsp;__aeabi_memcpy
</UL>
<BR>[Called By]<UL><LI><a href="#[84]">&gt;&gt;</a>&nbsp;&nbsp;&nbsp;update_water_sensor_status
<LI><a href="#[ab]">&gt;&gt;</a>&nbsp;&nbsp;&nbsp;devkitCommandExecution
<LI><a href="#[61]">&gt;&gt;</a>&nbsp;&nbsp;&nbsp;app_timer_activity
<LI><a href="#[184]">&gt;&gt;</a>&nbsp;&nbsp;&nbsp;convert_in_g_force
<LI><a href="#[179]">&gt;&gt;</a>&nbsp;&nbsp;&nbsp;decode_op_req_msg
</UL>

<P><STRONG><a name="[1e0]"></a>sr_restore_modified_char_to_default</STRONG> (Thumb, 4 bytes, Stack size 0 bytes, ble_sr.o(.text), UNUSED)

<P><STRONG><a name="[6b]"></a>ble_advdata_set</STRONG> (Thumb, 122 bytes, Stack size 104 bytes, ble_advdata.o(.text))
<BR><BR>[Stack]<UL><LI>Max Depth = 232<LI>Call Chain = ble_advdata_set &rArr; adv_data_encode &rArr; uuid_list_encode &rArr; uuid_list_sized_encode
</UL>
<BR>[Calls]<UL><LI><a href="#[e9]">&gt;&gt;</a>&nbsp;&nbsp;&nbsp;srdata_check
<LI><a href="#[e8]">&gt;&gt;</a>&nbsp;&nbsp;&nbsp;advdata_check
<LI><a href="#[e5]">&gt;&gt;</a>&nbsp;&nbsp;&nbsp;adv_data_encode
</UL>
<BR>[Called By]<UL><LI><a href="#[6a]">&gt;&gt;</a>&nbsp;&nbsp;&nbsp;advertising_init
</UL>

<P><STRONG><a name="[d1]"></a>ble_srv_report_ref_encode</STRONG> (Thumb, 60 bytes, Stack size 24 bytes, ble_srv_common.o(.text))
<BR><BR>[Stack]<UL><LI>Max Depth = 168 + Unknown Stack Size
<LI>Call Chain = ble_srv_report_ref_encode &rArr; app_error_handler &rArr; ble_debug_assert_handler &rArr; __2sprintf &rArr; _printf_char_common &rArr; __printf
</UL>
<BR>[Calls]<UL><LI><a href="#[55]">&gt;&gt;</a>&nbsp;&nbsp;&nbsp;app_error_handler
</UL>
<BR>[Called By]<UL><LI><a href="#[d0]">&gt;&gt;</a>&nbsp;&nbsp;&nbsp;battery_level_char_add
</UL>

<P><STRONG><a name="[6f]"></a>ble_srv_ascii_to_utf8</STRONG> (Thumb, 18 bytes, Stack size 16 bytes, ble_srv_common.o(.text))
<BR><BR>[Stack]<UL><LI>Max Depth = 28<LI>Call Chain = ble_srv_ascii_to_utf8 &rArr; strlen
</UL>
<BR>[Calls]<UL><LI><a href="#[ea]">&gt;&gt;</a>&nbsp;&nbsp;&nbsp;strlen
</UL>
<BR>[Called By]<UL><LI><a href="#[71]">&gt;&gt;</a>&nbsp;&nbsp;&nbsp;dev_kit_service_init
<LI><a href="#[6e]">&gt;&gt;</a>&nbsp;&nbsp;&nbsp;dis_init
</UL>

<P><STRONG><a name="[72]"></a>ble_srv_ascii_to_utf8_len</STRONG> (Thumb, 6 bytes, Stack size 0 bytes, ble_srv_common.o(.text))
<BR><BR>[Called By]<UL><LI><a href="#[71]">&gt;&gt;</a>&nbsp;&nbsp;&nbsp;dev_kit_service_init
</UL>

<P><STRONG><a name="[1c]"></a>RTC1_IRQHandler</STRONG> (Thumb, 34 bytes, Stack size 8 bytes, app_timer.o(.text))
<BR><BR>[Stack]<UL><LI>Max Depth = 192 + Unknown Stack Size
<LI>Call Chain = RTC1_IRQHandler &rArr; timer_timeouts_check &rArr; timeout_handler_exec &rArr; app_error_handler &rArr; ble_debug_assert_handler &rArr; __2sprintf &rArr; _printf_char_common &rArr; __printf
</UL>
<BR>[Calls]<UL><LI><a href="#[f5]">&gt;&gt;</a>&nbsp;&nbsp;&nbsp;timer_timeouts_check
</UL>
<BR>[Address Reference Count : 1]<UL><LI> arm_startup_nrf51422_s310.o(RESET)
</UL>
<P><STRONG><a name="[1f]"></a>SWI0_IRQHandler</STRONG> (Thumb, 8 bytes, Stack size 8 bytes, app_timer.o(.text))
<BR><BR>[Stack]<UL><LI>Max Depth = 92<LI>Call Chain = SWI0_IRQHandler &rArr; timer_list_handler &rArr; list_insertions_handler &rArr; timer_list_insert
</UL>
<BR>[Calls]<UL><LI><a href="#[fd]">&gt;&gt;</a>&nbsp;&nbsp;&nbsp;timer_list_handler
</UL>
<BR>[Address Reference Count : 1]<UL><LI> arm_startup_nrf51422_s310.o(RESET)
</UL>
<P><STRONG><a name="[67]"></a>app_timer_init</STRONG> (Thumb, 254 bytes, Stack size 40 bytes, app_timer.o(.text))
<BR><BR>[Stack]<UL><LI>Max Depth = 56<LI>Call Chain = app_timer_init &rArr; rtc1_init &rArr; NVIC_SetPriority
</UL>
<BR>[Calls]<UL><LI><a href="#[f6]">&gt;&gt;</a>&nbsp;&nbsp;&nbsp;rtc1_counter_get
<LI><a href="#[ee]">&gt;&gt;</a>&nbsp;&nbsp;&nbsp;NVIC_ClearPendingIRQ
<LI><a href="#[ef]">&gt;&gt;</a>&nbsp;&nbsp;&nbsp;NVIC_EnableIRQ
<LI><a href="#[f0]">&gt;&gt;</a>&nbsp;&nbsp;&nbsp;rtc1_stop
<LI><a href="#[eb]">&gt;&gt;</a>&nbsp;&nbsp;&nbsp;rtc1_init
<LI><a href="#[ec]">&gt;&gt;</a>&nbsp;&nbsp;&nbsp;NVIC_SetPriority
</UL>
<BR>[Called By]<UL><LI><a href="#[66]">&gt;&gt;</a>&nbsp;&nbsp;&nbsp;timers_init
</UL>

<P><STRONG><a name="[68]"></a>app_timer_create</STRONG> (Thumb, 108 bytes, Stack size 16 bytes, app_timer.o(.text))
<BR><BR>[Stack]<UL><LI>Max Depth = 16<LI>Call Chain = app_timer_create
</UL>
<BR>[Called By]<UL><LI><a href="#[76]">&gt;&gt;</a>&nbsp;&nbsp;&nbsp;ble_conn_params_init
<LI><a href="#[86]">&gt;&gt;</a>&nbsp;&nbsp;&nbsp;app_button_init
<LI><a href="#[66]">&gt;&gt;</a>&nbsp;&nbsp;&nbsp;timers_init
</UL>

<P><STRONG><a name="[60]"></a>app_timer_start</STRONG> (Thumb, 98 bytes, Stack size 32 bytes, app_timer.o(.text))
<BR><BR>[Stack]<UL><LI>Max Depth = 88<LI>Call Chain = app_timer_start &rArr; timer_start_op_schedule &rArr; user_op_alloc
</UL>
<BR>[Calls]<UL><LI><a href="#[105]">&gt;&gt;</a>&nbsp;&nbsp;&nbsp;user_id_get
<LI><a href="#[100]">&gt;&gt;</a>&nbsp;&nbsp;&nbsp;timer_start_op_schedule
</UL>
<BR>[Called By]<UL><LI><a href="#[5f]">&gt;&gt;</a>&nbsp;&nbsp;&nbsp;timers_start
<LI><a href="#[32]">&gt;&gt;</a>&nbsp;&nbsp;&nbsp;gpiote_event_handler
<LI><a href="#[117]">&gt;&gt;</a>&nbsp;&nbsp;&nbsp;conn_params_negotiation
</UL>

<P><STRONG><a name="[5b]"></a>app_timer_stop</STRONG> (Thumb, 60 bytes, Stack size 16 bytes, app_timer.o(.text))
<BR><BR>[Stack]<UL><LI>Max Depth = 56<LI>Call Chain = app_timer_stop &rArr; timer_stop_op_schedule &rArr; user_op_alloc
</UL>
<BR>[Calls]<UL><LI><a href="#[105]">&gt;&gt;</a>&nbsp;&nbsp;&nbsp;user_id_get
<LI><a href="#[103]">&gt;&gt;</a>&nbsp;&nbsp;&nbsp;timer_stop_op_schedule
</UL>
<BR>[Called By]<UL><LI><a href="#[5a]">&gt;&gt;</a>&nbsp;&nbsp;&nbsp;timers_stop
<LI><a href="#[131]">&gt;&gt;</a>&nbsp;&nbsp;&nbsp;app_button_disable
<LI><a href="#[32]">&gt;&gt;</a>&nbsp;&nbsp;&nbsp;gpiote_event_handler
<LI><a href="#[116]">&gt;&gt;</a>&nbsp;&nbsp;&nbsp;ble_conn_params_stop
<LI><a href="#[11b]">&gt;&gt;</a>&nbsp;&nbsp;&nbsp;on_write
<LI><a href="#[11a]">&gt;&gt;</a>&nbsp;&nbsp;&nbsp;on_disconnect
</UL>

<P><STRONG><a name="[107]"></a>app_timer_stop_all</STRONG> (Thumb, 26 bytes, Stack size 8 bytes, app_timer.o(.text), UNUSED)
<BR><BR>[Calls]<UL><LI><a href="#[105]">&gt;&gt;</a>&nbsp;&nbsp;&nbsp;user_id_get
<LI><a href="#[104]">&gt;&gt;</a>&nbsp;&nbsp;&nbsp;timer_stop_all_op_schedule
</UL>

<P><STRONG><a name="[108]"></a>app_timer_cnt_get</STRONG> (Thumb, 14 bytes, Stack size 8 bytes, app_timer.o(.text), UNUSED)
<BR><BR>[Calls]<UL><LI><a href="#[f6]">&gt;&gt;</a>&nbsp;&nbsp;&nbsp;rtc1_counter_get
</UL>

<P><STRONG><a name="[109]"></a>app_timer_cnt_diff_compute</STRONG> (Thumb, 22 bytes, Stack size 16 bytes, app_timer.o(.text), UNUSED)
<BR><BR>[Calls]<UL><LI><a href="#[f7]">&gt;&gt;</a>&nbsp;&nbsp;&nbsp;ticks_diff_get
</UL>

<P><STRONG><a name="[87]"></a>pstorage_sys_event_handler</STRONG> (Thumb, 326 bytes, Stack size 32 bytes, pstorage.o(.text))
<BR><BR>[Stack]<UL><LI>Max Depth = 136<LI>Call Chain = pstorage_sys_event_handler &rArr; cmd_queue_dequeue &rArr; cmd_process &rArr; swap_state_process &rArr; __ARM_common_switch8
</UL>
<BR>[Calls]<UL><LI><a href="#[110]">&gt;&gt;</a>&nbsp;&nbsp;&nbsp;cmd_queue_dequeue
<LI><a href="#[111]">&gt;&gt;</a>&nbsp;&nbsp;&nbsp;app_notify
<LI><a href="#[10b]">&gt;&gt;</a>&nbsp;&nbsp;&nbsp;cmd_queue_element_init
</UL>
<BR>[Called By]<UL><LI><a href="#[2d]">&gt;&gt;</a>&nbsp;&nbsp;&nbsp;sys_evt_dispatch
</UL>

<P><STRONG><a name="[92]"></a>pstorage_init</STRONG> (Thumb, 152 bytes, Stack size 16 bytes, pstorage.o(.text))
<BR><BR>[Stack]<UL><LI>Max Depth = 24<LI>Call Chain = pstorage_init &rArr; cmd_queue_init
</UL>
<BR>[Calls]<UL><LI><a href="#[10a]">&gt;&gt;</a>&nbsp;&nbsp;&nbsp;cmd_queue_init
<LI><a href="#[10d]">&gt;&gt;</a>&nbsp;&nbsp;&nbsp;__aeabi_uidivmod
</UL>
<BR>[Called By]<UL><LI><a href="#[91]">&gt;&gt;</a>&nbsp;&nbsp;&nbsp;flash_data_manager_init
</UL>

<P><STRONG><a name="[90]"></a>pstorage_register</STRONG> (Thumb, 356 bytes, Stack size 24 bytes, pstorage.o(.text))
<BR><BR>[Stack]<UL><LI>Max Depth = 24<LI>Call Chain = pstorage_register
</UL>
<BR>[Calls]<UL><LI><a href="#[10d]">&gt;&gt;</a>&nbsp;&nbsp;&nbsp;__aeabi_uidivmod
</UL>
<BR>[Called By]<UL><LI><a href="#[8f]">&gt;&gt;</a>&nbsp;&nbsp;&nbsp;flash_manager_init
</UL>

<P><STRONG><a name="[95]"></a>pstorage_block_identifier_get</STRONG> (Thumb, 136 bytes, Stack size 20 bytes, pstorage.o(.text))
<BR><BR>[Stack]<UL><LI>Max Depth = 20<LI>Call Chain = pstorage_block_identifier_get
</UL>
<BR>[Called By]<UL><LI><a href="#[93]">&gt;&gt;</a>&nbsp;&nbsp;&nbsp;FlashWrite
</UL>

<P><STRONG><a name="[96]"></a>pstorage_store</STRONG> (Thumb, 202 bytes, Stack size 24 bytes, pstorage.o(.text))
<BR><BR>[Stack]<UL><LI>Max Depth = 160<LI>Call Chain = pstorage_store &rArr; cmd_queue_enqueue &rArr; cmd_process &rArr; swap_state_process &rArr; __ARM_common_switch8
</UL>
<BR>[Calls]<UL><LI><a href="#[112]">&gt;&gt;</a>&nbsp;&nbsp;&nbsp;is_word_aligned
<LI><a href="#[10f]">&gt;&gt;</a>&nbsp;&nbsp;&nbsp;cmd_queue_enqueue
</UL>
<BR>[Called By]<UL><LI><a href="#[93]">&gt;&gt;</a>&nbsp;&nbsp;&nbsp;FlashWrite
</UL>

<P><STRONG><a name="[113]"></a>pstorage_update</STRONG> (Thumb, 202 bytes, Stack size 24 bytes, pstorage.o(.text), UNUSED)
<BR><BR>[Calls]<UL><LI><a href="#[112]">&gt;&gt;</a>&nbsp;&nbsp;&nbsp;is_word_aligned
<LI><a href="#[10f]">&gt;&gt;</a>&nbsp;&nbsp;&nbsp;cmd_queue_enqueue
</UL>

<P><STRONG><a name="[114]"></a>pstorage_load</STRONG> (Thumb, 202 bytes, Stack size 24 bytes, pstorage.o(.text), UNUSED)
<BR><BR>[Calls]<UL><LI><a href="#[112]">&gt;&gt;</a>&nbsp;&nbsp;&nbsp;is_word_aligned
<LI><a href="#[9f]">&gt;&gt;</a>&nbsp;&nbsp;&nbsp;__aeabi_memcpy
</UL>

<P><STRONG><a name="[94]"></a>pstorage_clear</STRONG> (Thumb, 166 bytes, Stack size 24 bytes, pstorage.o(.text))
<BR><BR>[Stack]<UL><LI>Max Depth = 160<LI>Call Chain = pstorage_clear &rArr; cmd_queue_enqueue &rArr; cmd_process &rArr; swap_state_process &rArr; __ARM_common_switch8
</UL>
<BR>[Calls]<UL><LI><a href="#[112]">&gt;&gt;</a>&nbsp;&nbsp;&nbsp;is_word_aligned
<LI><a href="#[10f]">&gt;&gt;</a>&nbsp;&nbsp;&nbsp;cmd_queue_enqueue
<LI><a href="#[10d]">&gt;&gt;</a>&nbsp;&nbsp;&nbsp;__aeabi_uidivmod
</UL>
<BR>[Called By]<UL><LI><a href="#[97]">&gt;&gt;</a>&nbsp;&nbsp;&nbsp;flash_ClearPage
<LI><a href="#[93]">&gt;&gt;</a>&nbsp;&nbsp;&nbsp;FlashWrite
</UL>

<P><STRONG><a name="[1e1]"></a>pstorage_access_status_get</STRONG> (Thumb, 56 bytes, Stack size 0 bytes, pstorage.o(.text), UNUSED)

<P><STRONG><a name="[76]"></a>ble_conn_params_init</STRONG> (Thumb, 90 bytes, Stack size 16 bytes, ble_conn_params.o(.text))
<BR><BR>[Stack]<UL><LI>Max Depth = 40<LI>Call Chain = ble_conn_params_init &rArr; __aeabi_memcpy
</UL>
<BR>[Calls]<UL><LI><a href="#[68]">&gt;&gt;</a>&nbsp;&nbsp;&nbsp;app_timer_create
<LI><a href="#[9f]">&gt;&gt;</a>&nbsp;&nbsp;&nbsp;__aeabi_memcpy
<LI><a href="#[115]">&gt;&gt;</a>&nbsp;&nbsp;&nbsp;__aeabi_memcpy4
</UL>
<BR>[Called By]<UL><LI><a href="#[75]">&gt;&gt;</a>&nbsp;&nbsp;&nbsp;conn_params_init
</UL>

<P><STRONG><a name="[116]"></a>ble_conn_params_stop</STRONG> (Thumb, 12 bytes, Stack size 8 bytes, ble_conn_params.o(.text), UNUSED)
<BR><BR>[Calls]<UL><LI><a href="#[5b]">&gt;&gt;</a>&nbsp;&nbsp;&nbsp;app_timer_stop
</UL>

<P><STRONG><a name="[7f]"></a>ble_conn_params_on_ble_evt</STRONG> (Thumb, 672 bytes, Stack size 24 bytes, ble_conn_params.o(.text))
<BR><BR>[Stack]<UL><LI>Max Depth = 192 + Unknown Stack Size
<LI>Call Chain = ble_conn_params_on_ble_evt &rArr; get_battery_level &rArr; app_error_handler &rArr; ble_debug_assert_handler &rArr; __2sprintf &rArr; _printf_char_common &rArr; __printf
</UL>
<BR>[Calls]<UL><LI><a href="#[56]">&gt;&gt;</a>&nbsp;&nbsp;&nbsp;simple_uart_putstring
<LI><a href="#[62]">&gt;&gt;</a>&nbsp;&nbsp;&nbsp;get_battery_level
<LI><a href="#[11d]">&gt;&gt;</a>&nbsp;&nbsp;&nbsp;on_conn_params_update
<LI><a href="#[11b]">&gt;&gt;</a>&nbsp;&nbsp;&nbsp;on_write
<LI><a href="#[11a]">&gt;&gt;</a>&nbsp;&nbsp;&nbsp;on_disconnect
<LI><a href="#[119]">&gt;&gt;</a>&nbsp;&nbsp;&nbsp;on_connect
<LI><a href="#[11e]">&gt;&gt;</a>&nbsp;&nbsp;&nbsp;ble_sr_device_read_buffer_update
<LI><a href="#[99]">&gt;&gt;</a>&nbsp;&nbsp;&nbsp;__aeabi_memclr
<LI><a href="#[11f]">&gt;&gt;</a>&nbsp;&nbsp;&nbsp;__2sprintf
</UL>
<BR>[Called By]<UL><LI><a href="#[2b]">&gt;&gt;</a>&nbsp;&nbsp;&nbsp;ble_evt_dispatch
</UL>

<P><STRONG><a name="[120]"></a>ble_conn_params_change_conn_params</STRONG> (Thumb, 86 bytes, Stack size 16 bytes, ble_conn_params.o(.text), UNUSED)
<BR><BR>[Calls]<UL><LI><a href="#[118]">&gt;&gt;</a>&nbsp;&nbsp;&nbsp;is_conn_params_ok
<LI><a href="#[9f]">&gt;&gt;</a>&nbsp;&nbsp;&nbsp;__aeabi_memcpy
</UL>

<P><STRONG><a name="[121]"></a>sl_host_disconnection</STRONG> (Thumb, 40 bytes, Stack size 16 bytes, ble_conn_params.o(.text))
<BR><BR>[Stack]<UL><LI>Max Depth = 160 + Unknown Stack Size
<LI>Call Chain = sl_host_disconnection &rArr; app_error_handler &rArr; ble_debug_assert_handler &rArr; __2sprintf &rArr; _printf_char_common &rArr; __printf
</UL>
<BR>[Calls]<UL><LI><a href="#[55]">&gt;&gt;</a>&nbsp;&nbsp;&nbsp;app_error_handler
</UL>
<BR>[Called By]<UL><LI><a href="#[61]">&gt;&gt;</a>&nbsp;&nbsp;&nbsp;app_timer_activity
</UL>

<P><STRONG><a name="[57]"></a>ble_debug_assert_handler</STRONG> (Thumb, 80 bytes, Stack size 24 bytes, ble_debug_assert_handler.o(.text))
<BR><BR>[Stack]<UL><LI>Max Depth = 144 + Unknown Stack Size
<LI>Call Chain = ble_debug_assert_handler &rArr; __2sprintf &rArr; _printf_char_common &rArr; __printf
</UL>
<BR>[Calls]<UL><LI><a href="#[56]">&gt;&gt;</a>&nbsp;&nbsp;&nbsp;simple_uart_putstring
<LI><a href="#[122]">&gt;&gt;</a>&nbsp;&nbsp;&nbsp;strncpy
<LI><a href="#[11f]">&gt;&gt;</a>&nbsp;&nbsp;&nbsp;__2sprintf
</UL>
<BR>[Called By]<UL><LI><a href="#[55]">&gt;&gt;</a>&nbsp;&nbsp;&nbsp;app_error_handler
</UL>

<P><STRONG><a name="[31]"></a>softdevice_assertion_handler</STRONG> (Thumb, 18 bytes, Stack size 16 bytes, softdevice_handler.o(.text))
<BR><BR>[Stack]<UL><LI>Max Depth = 160 + Unknown Stack Size
<LI>Call Chain = softdevice_assertion_handler &rArr; assert_nrf_callback &rArr; app_error_handler &rArr; ble_debug_assert_handler &rArr; __2sprintf &rArr; _printf_char_common &rArr; __printf
</UL>
<BR>[Calls]<UL><LI><a href="#[59]">&gt;&gt;</a>&nbsp;&nbsp;&nbsp;assert_nrf_callback
</UL>
<BR>[Address Reference Count : 1]<UL><LI> softdevice_handler.o(.text)
</UL>
<P><STRONG><a name="[123]"></a>intern_softdevice_events_execute</STRONG> (Thumb, 244 bytes, Stack size 24 bytes, softdevice_handler.o(.text))
<BR><BR>[Stack]<UL><LI>Max Depth = 168 + Unknown Stack Size
<LI>Call Chain = intern_softdevice_events_execute &rArr; app_error_handler &rArr; ble_debug_assert_handler &rArr; __2sprintf &rArr; _printf_char_common &rArr; __printf
</UL>
<BR>[Calls]<UL><LI><a href="#[55]">&gt;&gt;</a>&nbsp;&nbsp;&nbsp;app_error_handler
</UL>
<BR>[Called By]<UL><LI><a href="#[21]">&gt;&gt;</a>&nbsp;&nbsp;&nbsp;SWI2_IRQHandler
</UL>

<P><STRONG><a name="[89]"></a>softdevice_handler_init</STRONG> (Thumb, 82 bytes, Stack size 40 bytes, softdevice_handler.o(.text))
<BR><BR>[Stack]<UL><LI>Max Depth = 40<LI>Call Chain = softdevice_handler_init
</UL>
<BR>[Called By]<UL><LI><a href="#[88]">&gt;&gt;</a>&nbsp;&nbsp;&nbsp;ble_ant_stack_init
</UL>

<P><STRONG><a name="[1e2]"></a>softdevice_handler_sd_disable</STRONG> (Thumb, 24 bytes, Stack size 8 bytes, softdevice_handler.o(.text), UNUSED)

<P><STRONG><a name="[8a]"></a>softdevice_ble_evt_handler_set</STRONG> (Thumb, 18 bytes, Stack size 0 bytes, softdevice_handler.o(.text))
<BR><BR>[Called By]<UL><LI><a href="#[88]">&gt;&gt;</a>&nbsp;&nbsp;&nbsp;ble_ant_stack_init
</UL>

<P><STRONG><a name="[8b]"></a>softdevice_ant_evt_handler_set</STRONG> (Thumb, 18 bytes, Stack size 0 bytes, softdevice_handler.o(.text))
<BR><BR>[Called By]<UL><LI><a href="#[88]">&gt;&gt;</a>&nbsp;&nbsp;&nbsp;ble_ant_stack_init
</UL>

<P><STRONG><a name="[8c]"></a>softdevice_sys_evt_handler_set</STRONG> (Thumb, 18 bytes, Stack size 0 bytes, softdevice_handler.o(.text))
<BR><BR>[Called By]<UL><LI><a href="#[88]">&gt;&gt;</a>&nbsp;&nbsp;&nbsp;ble_ant_stack_init
</UL>

<P><STRONG><a name="[21]"></a>SWI2_IRQHandler</STRONG> (Thumb, 52 bytes, Stack size 16 bytes, softdevice_handler.o(.text))
<BR><BR>[Stack]<UL><LI>Max Depth = 184 + Unknown Stack Size
<LI>Call Chain = SWI2_IRQHandler &rArr; intern_softdevice_events_execute &rArr; app_error_handler &rArr; ble_debug_assert_handler &rArr; __2sprintf &rArr; _printf_char_common &rArr; __printf
</UL>
<BR>[Calls]<UL><LI><a href="#[55]">&gt;&gt;</a>&nbsp;&nbsp;&nbsp;app_error_handler
<LI><a href="#[123]">&gt;&gt;</a>&nbsp;&nbsp;&nbsp;intern_softdevice_events_execute
</UL>
<BR>[Address Reference Count : 1]<UL><LI> arm_startup_nrf51422_s310.o(RESET)
</UL>
<P><STRONG><a name="[124]"></a>action_uart_deactivate</STRONG> (Thumb, 54 bytes, Stack size 8 bytes, simple_uart.o(.text))
<BR><BR>[Stack]<UL><LI>Max Depth = 8<LI>Call Chain = action_uart_deactivate
</UL>
<BR>[Calls]<UL><LI><a href="#[125]">&gt;&gt;</a>&nbsp;&nbsp;&nbsp;NVIC_ClearPendingIRQ
</UL>
<BR>[Called By]<UL><LI><a href="#[61]">&gt;&gt;</a>&nbsp;&nbsp;&nbsp;app_timer_activity
</UL>

<P><STRONG><a name="[127]"></a>action_uart_activate</STRONG> (Thumb, 28 bytes, Stack size 0 bytes, simple_uart.o(.text))
<BR><BR>[Called By]<UL><LI><a href="#[56]">&gt;&gt;</a>&nbsp;&nbsp;&nbsp;simple_uart_putstring
<LI><a href="#[12c]">&gt;&gt;</a>&nbsp;&nbsp;&nbsp;sl_xmit_data
</UL>

<P><STRONG><a name="[1e3]"></a>simple_uart_get</STRONG> (Thumb, 24 bytes, Stack size 0 bytes, simple_uart.o(.text), UNUSED)

<P><STRONG><a name="[126]"></a>simple_uart_get_with_timeout</STRONG> (Thumb, 62 bytes, Stack size 16 bytes, simple_uart.o(.text), UNUSED)
<BR><BR>[Calls]<UL><LI><a href="#[4d]">&gt;&gt;</a>&nbsp;&nbsp;&nbsp;__asm___13_simple_uart_c_rx_buf__nrf_delay_us
</UL>

<P><STRONG><a name="[128]"></a>simple_uart_put</STRONG> (Thumb, 22 bytes, Stack size 0 bytes, simple_uart.o(.text))
<BR><BR>[Called By]<UL><LI><a href="#[56]">&gt;&gt;</a>&nbsp;&nbsp;&nbsp;simple_uart_putstring
<LI><a href="#[b2]">&gt;&gt;</a>&nbsp;&nbsp;&nbsp;gen_PrintHexStr
<LI><a href="#[ac]">&gt;&gt;</a>&nbsp;&nbsp;&nbsp;gen_PrintHex
<LI><a href="#[a7]">&gt;&gt;</a>&nbsp;&nbsp;&nbsp;display_config_data
<LI><a href="#[ab]">&gt;&gt;</a>&nbsp;&nbsp;&nbsp;devkitCommandExecution
<LI><a href="#[12c]">&gt;&gt;</a>&nbsp;&nbsp;&nbsp;sl_xmit_data
<LI><a href="#[195]">&gt;&gt;</a>&nbsp;&nbsp;&nbsp;gen_PrintCharStr
<LI><a href="#[194]">&gt;&gt;</a>&nbsp;&nbsp;&nbsp;gen_PrintRcvData
<LI><a href="#[15e]">&gt;&gt;</a>&nbsp;&nbsp;&nbsp;gen_PrintDec
</UL>

<P><STRONG><a name="[56]"></a>simple_uart_putstring</STRONG> (Thumb, 36 bytes, Stack size 12 bytes, simple_uart.o(.text))
<BR><BR>[Stack]<UL><LI>Max Depth = 12<LI>Call Chain = simple_uart_putstring
</UL>
<BR>[Calls]<UL><LI><a href="#[128]">&gt;&gt;</a>&nbsp;&nbsp;&nbsp;simple_uart_put
<LI><a href="#[127]">&gt;&gt;</a>&nbsp;&nbsp;&nbsp;action_uart_activate
</UL>
<BR>[Called By]<UL><LI><a href="#[2c]">&gt;&gt;</a>&nbsp;&nbsp;&nbsp;on_ant_evt
<LI><a href="#[a7]">&gt;&gt;</a>&nbsp;&nbsp;&nbsp;display_config_data
<LI><a href="#[ab]">&gt;&gt;</a>&nbsp;&nbsp;&nbsp;devkitCommandExecution
<LI><a href="#[57]">&gt;&gt;</a>&nbsp;&nbsp;&nbsp;ble_debug_assert_handler
<LI><a href="#[7f]">&gt;&gt;</a>&nbsp;&nbsp;&nbsp;ble_conn_params_on_ble_evt
<LI><a href="#[b1]">&gt;&gt;</a>&nbsp;&nbsp;&nbsp;bleP0_ReceviedBleMsgOnAnt
<LI><a href="#[af]">&gt;&gt;</a>&nbsp;&nbsp;&nbsp;bleP0_BleAppDevkitCommandExecution
<LI><a href="#[9d]">&gt;&gt;</a>&nbsp;&nbsp;&nbsp;antPx_SetDataOnCH1
<LI><a href="#[b0]">&gt;&gt;</a>&nbsp;&nbsp;&nbsp;antPx_SendBleMsgOnAnt
<LI><a href="#[65]">&gt;&gt;</a>&nbsp;&nbsp;&nbsp;antP2_ClearDynaConfiguration
<LI><a href="#[ad]">&gt;&gt;</a>&nbsp;&nbsp;&nbsp;AntAschyncEvent
<LI><a href="#[45]">&gt;&gt;</a>&nbsp;&nbsp;&nbsp;main
<LI><a href="#[9c]">&gt;&gt;</a>&nbsp;&nbsp;&nbsp;antPx_NodeSetUp
<LI><a href="#[28]">&gt;&gt;</a>&nbsp;&nbsp;&nbsp;antIx_SecTimer
<LI><a href="#[55]">&gt;&gt;</a>&nbsp;&nbsp;&nbsp;app_error_handler
<LI><a href="#[9b]">&gt;&gt;</a>&nbsp;&nbsp;&nbsp;antPx_Ch1SetUpAsMaster
<LI><a href="#[9a]">&gt;&gt;</a>&nbsp;&nbsp;&nbsp;antPx_Ch0SetUpAsSlave
<LI><a href="#[2e]">&gt;&gt;</a>&nbsp;&nbsp;&nbsp;af_pstorage_cb_handler
<LI><a href="#[5]">&gt;&gt;</a>&nbsp;&nbsp;&nbsp;button_event_handler
<LI><a href="#[77]">&gt;&gt;</a>&nbsp;&nbsp;&nbsp;on_ble_evt
<LI><a href="#[63]">&gt;&gt;</a>&nbsp;&nbsp;&nbsp;uart_init
<LI><a href="#[11c]">&gt;&gt;</a>&nbsp;&nbsp;&nbsp;paramUpdate
<LI><a href="#[11b]">&gt;&gt;</a>&nbsp;&nbsp;&nbsp;on_write
<LI><a href="#[180]">&gt;&gt;</a>&nbsp;&nbsp;&nbsp;bleP1_CommandExecuter
<LI><a href="#[179]">&gt;&gt;</a>&nbsp;&nbsp;&nbsp;decode_op_req_msg
<LI><a href="#[178]">&gt;&gt;</a>&nbsp;&nbsp;&nbsp;bleP3_UserAuthenticationProcess
<LI><a href="#[177]">&gt;&gt;</a>&nbsp;&nbsp;&nbsp;bleP2_CommandIDReqVerificationProcess
<LI><a href="#[176]">&gt;&gt;</a>&nbsp;&nbsp;&nbsp;bleP1_PrintReceivedData
[...]
<LI><a href="#[f3]">&gt;&gt;</a>&nbsp;&nbsp;&nbsp;timer_list_handler_sched
</UL>
<BR>[Called By]<UL><LI><a href="#[107]">&gt;&gt;</a>&nbsp;&nbsp;&nbsp;app_timer_stop_all
</UL>

<P><STRONG><a name="[105]"></a>user_id_get</STRONG> (Thumb, 34 bytes, Stack size 8 bytes, app_timer.o(.text))
<BR><BR>[Stack]<UL><LI>Max Depth = 16<LI>Call Chain = user_id_get &rArr; current_int_priority_get
</UL>
<BR>[Calls]<UL><LI><a href="#[106]">&gt;&gt;</a>&nbsp;&nbsp;&nbsp;current_int_priority_get
</UL>
<BR>[Called By]<UL><LI><a href="#[5b]">&gt;&gt;</a>&nbsp;&nbsp;&nbsp;app_timer_stop
<LI><a href="#[60]">&gt;&gt;</a>&nbsp;&nbsp;&nbsp;app_timer_start
<LI><a href="#[107]">&gt;&gt;</a>&nbsp;&nbsp;&nbsp;app_timer_stop_all
</UL>

<P><STRONG><a name="[ef]"></a>NVIC_EnableIRQ</STRONG> (Thumb, 14 bytes, Stack size 0 bytes, app_timer.o(.text))
<BR><BR>[Called By]<UL><LI><a href="#[67]">&gt;&gt;</a>&nbsp;&nbsp;&nbsp;app_timer_init
<LI><a href="#[ed]">&gt;&gt;</a>&nbsp;&nbsp;&nbsp;rtc1_start
</UL>

<P><STRONG><a name="[f2]"></a>NVIC_SetPendingIRQ</STRONG> (Thumb, 14 bytes, Stack size 0 bytes, app_timer.o(.text))
<BR><BR>[Called By]<UL><LI><a href="#[f3]">&gt;&gt;</a>&nbsp;&nbsp;&nbsp;timer_list_handler_sched
<LI><a href="#[f1]">&gt;&gt;</a>&nbsp;&nbsp;&nbsp;timer_timeouts_check_sched
</UL>

<P><STRONG><a name="[ee]"></a>NVIC_ClearPendingIRQ</STRONG> (Thumb, 16 bytes, Stack size 0 bytes, app_timer.o(.text))
<BR><BR>[Called By]<UL><LI><a href="#[67]">&gt;&gt;</a>&nbsp;&nbsp;&nbsp;app_timer_init
<LI><a href="#[ed]">&gt;&gt;</a>&nbsp;&nbsp;&nbsp;rtc1_start
</UL>

<P><STRONG><a name="[106]"></a>current_int_priority_get</STRONG> (Thumb, 84 bytes, Stack size 8 bytes, app_timer.o(.text))
<BR><BR>[Stack]<UL><LI>Max Depth = 8<LI>Call Chain = current_int_priority_get
</UL>
<BR>[Called By]<UL><LI><a href="#[105]">&gt;&gt;</a>&nbsp;&nbsp;&nbsp;user_id_get
</UL>

<P><STRONG><a name="[f6]"></a>rtc1_counter_get</STRONG> (Thumb, 6 bytes, Stack size 0 bytes, app_timer.o(.text))
<BR><BR>[Called By]<UL><LI><a href="#[67]">&gt;&gt;</a>&nbsp;&nbsp;&nbsp;app_timer_init
<LI><a href="#[108]">&gt;&gt;</a>&nbsp;&nbsp;&nbsp;app_timer_cnt_get
<LI><a href="#[100]">&gt;&gt;</a>&nbsp;&nbsp;&nbsp;timer_start_op_schedule
<LI><a href="#[fc]">&gt;&gt;</a>&nbsp;&nbsp;&nbsp;compare_reg_update
<LI><a href="#[f5]">&gt;&gt;</a>&nbsp;&nbsp;&nbsp;timer_timeouts_check
</UL>

<P><STRONG><a name="[f7]"></a>ticks_diff_get</STRONG> (Thumb, 10 bytes, Stack size 0 bytes, app_timer.o(.text))
<BR><BR>[Called By]<UL><LI><a href="#[109]">&gt;&gt;</a>&nbsp;&nbsp;&nbsp;app_timer_cnt_diff_compute
<LI><a href="#[fc]">&gt;&gt;</a>&nbsp;&nbsp;&nbsp;compare_reg_update
<LI><a href="#[fa]">&gt;&gt;</a>&nbsp;&nbsp;&nbsp;list_insertions_handler
<LI><a href="#[f5]">&gt;&gt;</a>&nbsp;&nbsp;&nbsp;timer_timeouts_check
</UL>

<P><STRONG><a name="[10b]"></a>cmd_queue_element_init</STRONG> (Thumb, 56 bytes, Stack size 0 bytes, pstorage.o(.text))
<BR><BR>[Called By]<UL><LI><a href="#[87]">&gt;&gt;</a>&nbsp;&nbsp;&nbsp;pstorage_sys_event_handler
<LI><a href="#[10a]">&gt;&gt;</a>&nbsp;&nbsp;&nbsp;cmd_queue_init
</UL>

<P><STRONG><a name="[10a]"></a>cmd_queue_init</STRONG> (Thumb, 40 bytes, Stack size 8 bytes, pstorage.o(.text))
<BR><BR>[Stack]<UL><LI>Max Depth = 8<LI>Call Chain = cmd_queue_init
</UL>
<BR>[Calls]<UL><LI><a href="#[10b]">&gt;&gt;</a>&nbsp;&nbsp;&nbsp;cmd_queue_element_init
</UL>
<BR>[Called By]<UL><LI><a href="#[92]">&gt;&gt;</a>&nbsp;&nbsp;&nbsp;pstorage_init
</UL>

<P><STRONG><a name="[10c]"></a>swap_state_process</STRONG> (Thumb, 568 bytes, Stack size 48 bytes, pstorage.o(.text))
<BR><BR>[Stack]<UL><LI>Max Depth = 56<LI>Call Chain = swap_state_process &rArr; __ARM_common_switch8
</UL>
<BR>[Calls]<UL><LI><a href="#[8e]">&gt;&gt;</a>&nbsp;&nbsp;&nbsp;__ARM_common_switch8
<LI><a href="#[10d]">&gt;&gt;</a>&nbsp;&nbsp;&nbsp;__aeabi_uidivmod
</UL>
<BR>[Called By]<UL><LI><a href="#[10e]">&gt;&gt;</a>&nbsp;&nbsp;&nbsp;cmd_process
</UL>

<P><STRONG><a name="[10e]"></a>cmd_process</STRONG> (Thumb, 380 bytes, Stack size 40 bytes, pstorage.o(.text))
<BR><BR>[Stack]<UL><LI>Max Depth = 96<LI>Call Chain = cmd_process &rArr; swap_state_process &rArr; __ARM_common_switch8
</UL>
<BR>[Calls]<UL><LI><a href="#[10c]">&gt;&gt;</a>&nbsp;&nbsp;&nbsp;swap_state_process
<LI><a href="#[10d]">&gt;&gt;</a>&nbsp;&nbsp;&nbsp;__aeabi_uidivmod
</UL>
<BR>[Called By]<UL><LI><a href="#[110]">&gt;&gt;</a>&nbsp;&nbsp;&nbsp;cmd_queue_dequeue
<LI><a href="#[10f]">&gt;&gt;</a>&nbsp;&nbsp;&nbsp;cmd_queue_enqueue
</UL>

<P><STRONG><a name="[10f]"></a>cmd_queue_enqueue</STRONG> (Thumb, 138 bytes, Stack size 40 bytes, pstorage.o(.text))
<BR><BR>[Stack]<UL><LI>Max Depth = 136<LI>Call Chain = cmd_queue_enqueue &rArr; cmd_process &rArr; swap_state_process &rArr; __ARM_common_switch8
</UL>
<BR>[Calls]<UL><LI><a href="#[10e]">&gt;&gt;</a>&nbsp;&nbsp;&nbsp;cmd_process
</UL>
<BR>[Called By]<UL><LI><a href="#[96]">&gt;&gt;</a>&nbsp;&nbsp;&nbsp;pstorage_store
<LI><a href="#[94]">&gt;&gt;</a>&nbsp;&nbsp;&nbsp;pstorage_clear
<LI><a href="#[113]">&gt;&gt;</a>&nbsp;&nbsp;&nbsp;pstorage_update
</UL>

<P><STRONG><a name="[111]"></a>app_notify</STRONG> (Thumb, 100 bytes, Stack size 24 bytes, pstorage.o(.text))
<BR><BR>[Stack]<UL><LI>Max Depth = 24<LI>Call Chain = app_notify
</UL>
<BR>[Called By]<UL><LI><a href="#[87]">&gt;&gt;</a>&nbsp;&nbsp;&nbsp;pstorage_sys_event_handler
<LI><a href="#[110]">&gt;&gt;</a>&nbsp;&nbsp;&nbsp;cmd_queue_dequeue
</UL>

<P><STRONG><a name="[110]"></a>cmd_queue_dequeue</STRONG> (Thumb, 36 bytes, Stack size 8 bytes, pstorage.o(.text))
<BR><BR>[Stack]<UL><LI>Max Depth = 104<LI>Call Chain = cmd_queue_dequeue &rArr; cmd_process &rArr; swap_state_process &rArr; __ARM_common_switch8
</UL>
<BR>[Calls]<UL><LI><a href="#[111]">&gt;&gt;</a>&nbsp;&nbsp;&nbsp;app_notify
<LI><a href="#[10e]">&gt;&gt;</a>&nbsp;&nbsp;&nbsp;cmd_process
</UL>
<BR>[Called By]<UL><LI><a href="#[87]">&gt;&gt;</a>&nbsp;&nbsp;&nbsp;pstorage_sys_event_handler
</UL>

<P><STRONG><a name="[112]"></a>is_word_aligned</STRONG> (Thumb, 16 bytes, Stack size 0 bytes, pstorage.o(.text))
<BR><BR>[Called By]<UL><LI><a href="#[96]">&gt;&gt;</a>&nbsp;&nbsp;&nbsp;pstorage_store
<LI><a href="#[94]">&gt;&gt;</a>&nbsp;&nbsp;&nbsp;pstorage_clear
<LI><a href="#[114]">&gt;&gt;</a>&nbsp;&nbsp;&nbsp;pstorage_load
<LI><a href="#[113]">&gt;&gt;</a>&nbsp;&nbsp;&nbsp;pstorage_update
</UL>

<P><STRONG><a name="[118]"></a>is_conn_params_ok</STRONG> (Thumb, 30 bytes, Stack size 0 bytes, ble_conn_params.o(.text))
<BR><BR>[Called By]<UL><LI><a href="#[120]">&gt;&gt;</a>&nbsp;&nbsp;&nbsp;ble_conn_params_change_conn_params
<LI><a href="#[117]">&gt;&gt;</a>&nbsp;&nbsp;&nbsp;conn_params_negotiation
</UL>

<P><STRONG><a name="[30]"></a>update_timeout_handler</STRONG> (Thumb, 136 bytes, Stack size 16 bytes, ble_conn_params.o(.text))
<BR><BR>[Stack]<UL><LI>Max Depth = 16<LI>Call Chain = update_timeout_handler
</UL>
<BR>[Address Reference Count : 1]<UL><LI> ble_conn_params.o(.text)
</UL>
<P><STRONG><a name="[117]"></a>conn_params_negotiation</STRONG> (Thumb, 126 bytes, Stack size 16 bytes, ble_conn_params.o(.text))
<BR><BR>[Stack]<UL><LI>Max Depth = 104<LI>Call Chain = conn_params_negotiation &rArr; app_timer_start &rArr; timer_start_op_schedule &rArr; user_op_alloc
</UL>
<BR>[Calls]<UL><LI><a href="#[60]">&gt;&gt;</a>&nbsp;&nbsp;&nbsp;app_timer_start
<LI><a href="#[118]">&gt;&gt;</a>&nbsp;&nbsp;&nbsp;is_conn_params_ok
</UL>
<BR>[Called By]<UL><LI><a href="#[11d]">&gt;&gt;</a>&nbsp;&nbsp;&nbsp;on_conn_params_update
<LI><a href="#[11b]">&gt;&gt;</a>&nbsp;&nbsp;&nbsp;on_write
<LI><a href="#[119]">&gt;&gt;</a>&nbsp;&nbsp;&nbsp;on_connect
</UL>

<P><STRONG><a name="[119]"></a>on_connect</STRONG> (Thumb, 42 bytes, Stack size 8 bytes, ble_conn_params.o(.text))
<BR><BR>[Stack]<UL><LI>Max Depth = 112<LI>Call Chain = on_connect &rArr; conn_params_negotiation &rArr; app_timer_start &rArr; timer_start_op_schedule &rArr; user_op_alloc
</UL>
<BR>[Calls]<UL><LI><a href="#[117]">&gt;&gt;</a>&nbsp;&nbsp;&nbsp;conn_params_negotiation
<LI><a href="#[9f]">&gt;&gt;</a>&nbsp;&nbsp;&nbsp;__aeabi_memcpy
</UL>
<BR>[Called By]<UL><LI><a href="#[7f]">&gt;&gt;</a>&nbsp;&nbsp;&nbsp;ble_conn_params_on_ble_evt
</UL>

<P><STRONG><a name="[11a]"></a>on_disconnect</STRONG> (Thumb, 50 bytes, Stack size 16 bytes, ble_conn_params.o(.text))
<BR><BR>[Stack]<UL><LI>Max Depth = 72<LI>Call Chain = on_disconnect &rArr; app_timer_stop &rArr; timer_stop_op_schedule &rArr; user_op_alloc
</UL>
<BR>[Calls]<UL><LI><a href="#[5b]">&gt;&gt;</a>&nbsp;&nbsp;&nbsp;app_timer_stop
</UL>
<BR>[Called By]<UL><LI><a href="#[7f]">&gt;&gt;</a>&nbsp;&nbsp;&nbsp;ble_conn_params_on_ble_evt
</UL>

<P><STRONG><a name="[11b]"></a>on_write</STRONG> (Thumb, 268 bytes, Stack size 40 bytes, ble_conn_params.o(.text))
<BR><BR>[Stack]<UL><LI>Max Depth = 144<LI>Call Chain = on_write &rArr; conn_params_negotiation &rArr; app_timer_start &rArr; timer_start_op_schedule &rArr; user_op_alloc
</UL>
<BR>[Calls]<UL><LI><a href="#[56]">&gt;&gt;</a>&nbsp;&nbsp;&nbsp;simple_uart_putstring
<LI><a href="#[5b]">&gt;&gt;</a>&nbsp;&nbsp;&nbsp;app_timer_stop
<LI><a href="#[11c]">&gt;&gt;</a>&nbsp;&nbsp;&nbsp;paramUpdate
<LI><a href="#[117]">&gt;&gt;</a>&nbsp;&nbsp;&nbsp;conn_params_negotiation
<LI><a href="#[9f]">&gt;&gt;</a>&nbsp;&nbsp;&nbsp;__aeabi_memcpy
</UL>
<BR>[Called By]<UL><LI><a href="#[7f]">&gt;&gt;</a>&nbsp;&nbsp;&nbsp;ble_conn_params_on_ble_evt
</UL>

<P><STRONG><a name="[11d]"></a>on_conn_params_update</STRONG> (Thumb, 20 bytes, Stack size 8 bytes, ble_conn_params.o(.text))
<BR><BR>[Stack]<UL><LI>Max Depth = 112<LI>Call Chain = on_conn_params_update &rArr; conn_params_negotiation &rArr; app_timer_start &rArr; timer_start_op_schedule &rArr; user_op_alloc
</UL>
<BR>[Calls]<UL><LI><a href="#[117]">&gt;&gt;</a>&nbsp;&nbsp;&nbsp;conn_params_negotiation
<LI><a href="#[9f]">&gt;&gt;</a>&nbsp;&nbsp;&nbsp;__aeabi_memcpy
</UL>
<BR>[Called By]<UL><LI><a href="#[7f]">&gt;&gt;</a>&nbsp;&nbsp;&nbsp;ble_conn_params_on_ble_evt
</UL>

<P><STRONG><a name="[125]"></a>NVIC_ClearPendingIRQ</STRONG> (Thumb, 14 bytes, Stack size 0 bytes, simple_uart.o(.text))
<BR><BR>[Called By]<UL><LI><a href="#[64]">&gt;&gt;</a>&nbsp;&nbsp;&nbsp;simple_uart_config
<LI><a href="#[124]">&gt;&gt;</a>&nbsp;&nbsp;&nbsp;action_uart_deactivate
</UL>

<P><STRONG><a name="[12b]"></a>NVIC_SetPriority</STRONG> (Thumb, 114 bytes, Stack size 8 bytes, simple_uart.o(.text))
<BR><BR>[Stack]<UL><LI>Max Depth = 8<LI>Call Chain = NVIC_SetPriority
</UL>
<BR>[Called By]<UL><LI><a href="#[64]">&gt;&gt;</a>&nbsp;&nbsp;&nbsp;simple_uart_config
</UL>

<P><STRONG><a name="[129]"></a>nrf_gpio_cfg_output</STRONG> (Thumb, 18 bytes, Stack size 0 bytes, simple_uart.o(.text))
<BR><BR>[Called By]<UL><LI><a href="#[64]">&gt;&gt;</a>&nbsp;&nbsp;&nbsp;simple_uart_config
</UL>

<P><STRONG><a name="[12a]"></a>nrf_gpio_cfg_input</STRONG> (Thumb, 20 bytes, Stack size 8 bytes, simple_uart.o(.text))
<BR><BR>[Stack]<UL><LI>Max Depth = 8<LI>Call Chain = nrf_gpio_cfg_input
</UL>
<BR>[Called By]<UL><LI><a href="#[64]">&gt;&gt;</a>&nbsp;&nbsp;&nbsp;simple_uart_config
</UL>

<P><STRONG><a name="[12d]"></a>button_handler_execute</STRONG> (Thumb, 58 bytes, Stack size 16 bytes, app_button.o(.text))
<BR><BR>[Stack]<UL><LI>Max Depth = 160 + Unknown Stack Size
<LI>Call Chain = button_handler_execute &rArr; app_error_handler &rArr; ble_debug_assert_handler &rArr; __2sprintf &rArr; _printf_char_common &rArr; __printf
</UL>
<BR>[Calls]<UL><LI><a href="#[55]">&gt;&gt;</a>&nbsp;&nbsp;&nbsp;app_error_handler
</UL>
<BR>[Called By]<UL><LI><a href="#[33]">&gt;&gt;</a>&nbsp;&nbsp;&nbsp;detection_delay_timeout_handler
</UL>

<P><STRONG><a name="[33]"></a>detection_delay_timeout_handler</STRONG> (Thumb, 112 bytes, Stack size 32 bytes, app_button.o(.text))
<BR><BR>[Stack]<UL><LI>Max Depth = 192 + Unknown Stack Size
<LI>Call Chain = detection_delay_timeout_handler &rArr; button_handler_execute &rArr; app_error_handler &rArr; ble_debug_assert_handler &rArr; __2sprintf &rArr; _printf_char_common &rArr; __printf
</UL>
<BR>[Calls]<UL><LI><a href="#[12e]">&gt;&gt;</a>&nbsp;&nbsp;&nbsp;app_gpiote_pins_state_get
<LI><a href="#[12d]">&gt;&gt;</a>&nbsp;&nbsp;&nbsp;button_handler_execute
</UL>
<BR>[Address Reference Count : 1]<UL><LI> app_button.o(.text)
</UL>
<P><STRONG><a name="[32]"></a>gpiote_event_handler</STRONG> (Thumb, 46 bytes, Stack size 16 bytes, app_button.o(.text))
<BR><BR>[Stack]<UL><LI>Max Depth = 104<LI>Call Chain = gpiote_event_handler &rArr; app_timer_start &rArr; timer_start_op_schedule &rArr; user_op_alloc
</UL>
<BR>[Calls]<UL><LI><a href="#[5b]">&gt;&gt;</a>&nbsp;&nbsp;&nbsp;app_timer_stop
<LI><a href="#[60]">&gt;&gt;</a>&nbsp;&nbsp;&nbsp;app_timer_start
</UL>
<BR>[Address Reference Count : 1]<UL><LI> app_button.o(.text)
</UL>
<P><STRONG><a name="[134]"></a>sense_level_toggle</STRONG> (Thumb, 124 bytes, Stack size 20 bytes, app_gpiote.o(.text))
<BR><BR>[Stack]<UL><LI>Max Depth = 20<LI>Call Chain = sense_level_toggle
</UL>
<BR>[Called By]<UL><LI><a href="#[11]">&gt;&gt;</a>&nbsp;&nbsp;&nbsp;GPIOTE_IRQHandler
</UL>

<P><STRONG><a name="[136]"></a>pins_sense_disable</STRONG> (Thumb, 96 bytes, Stack size 8 bytes, app_gpiote.o(.text))
<BR><BR>[Stack]<UL><LI>Max Depth = 8<LI>Call Chain = pins_sense_disable
</UL>
<BR>[Called By]<UL><LI><a href="#[12f]">&gt;&gt;</a>&nbsp;&nbsp;&nbsp;app_gpiote_user_register
<LI><a href="#[132]">&gt;&gt;</a>&nbsp;&nbsp;&nbsp;app_gpiote_user_disable
</UL>

<P><STRONG><a name="[135]"></a>NVIC_SetPriority</STRONG> (Thumb, 110 bytes, Stack size 8 bytes, app_gpiote.o(.text))
<BR><BR>[Stack]<UL><LI>Max Depth = 8<LI>Call Chain = NVIC_SetPriority
</UL>
<BR>[Called By]<UL><LI><a href="#[83]">&gt;&gt;</a>&nbsp;&nbsp;&nbsp;app_gpiote_init
</UL>

<P><STRONG><a name="[143]"></a>rijndaelDecrypt</STRONG> (Thumb, 1208 bytes, Stack size 32 bytes, aes-internal-dec.o(.text))
<BR><BR>[Stack]<UL><LI>Max Depth = 40<LI>Call Chain = rijndaelDecrypt &rArr; rotr
</UL>
<BR>[Calls]<UL><LI><a href="#[141]">&gt;&gt;</a>&nbsp;&nbsp;&nbsp;rotr
</UL>
<BR>[Called By]<UL><LI><a href="#[13d]">&gt;&gt;</a>&nbsp;&nbsp;&nbsp;aes_decrypt
</UL>

<P><STRONG><a name="[141]"></a>rotr</STRONG> (Thumb, 20 bytes, Stack size 8 bytes, aes-internal-dec.o(.text))
<BR><BR>[Stack]<UL><LI>Max Depth = 8<LI>Call Chain = rotr
</UL>
<BR>[Called By]<UL><LI><a href="#[142]">&gt;&gt;</a>&nbsp;&nbsp;&nbsp;rijndaelEncrypt
<LI><a href="#[13f]">&gt;&gt;</a>&nbsp;&nbsp;&nbsp;rijndaelKeySetupDec
<LI><a href="#[143]">&gt;&gt;</a>&nbsp;&nbsp;&nbsp;rijndaelDecrypt
</UL>

<P><STRONG><a name="[144]"></a>twi_master_clear_bus</STRONG> (Thumb, 162 bytes, Stack size 16 bytes, twi_master_int.o(.text))
<BR><BR>[Stack]<UL><LI>Max Depth = 16<LI>Call Chain = twi_master_clear_bus
</UL>
<BR>[Calls]<UL><LI><a href="#[4e]">&gt;&gt;</a>&nbsp;&nbsp;&nbsp;__asm___16_twi_master_int_c_f3524746__nrf_delay_us
</UL>
<BR>[Called By]<UL><LI><a href="#[a9]">&gt;&gt;</a>&nbsp;&nbsp;&nbsp;twi_master_init
</UL>

<P><STRONG><a name="[152]"></a>nrf_gpio_pin_set</STRONG> (Thumb, 10 bytes, Stack size 0 bytes, anteventhandler.o(.text))
<BR><BR>[Called By]<UL><LI><a href="#[151]">&gt;&gt;</a>&nbsp;&nbsp;&nbsp;antPx_ProcessBurstMessageAtCH0
</UL>

<P><STRONG><a name="[16c]"></a>nrf_gpio_pin_dir_set</STRONG> (Thumb, 34 bytes, Stack size 8 bytes, devkit_application.o(.text))
<BR><BR>[Stack]<UL><LI>Max Depth = 8<LI>Call Chain = nrf_gpio_pin_dir_set
</UL>
<BR>[Called By]<UL><LI><a href="#[a4]">&gt;&gt;</a>&nbsp;&nbsp;&nbsp;development_kit_gpio_init
</UL>

<P><STRONG><a name="[16b]"></a>nrf_gpio_cfg_output</STRONG> (Thumb, 18 bytes, Stack size 0 bytes, devkit_application.o(.text))
<BR><BR>[Called By]<UL><LI><a href="#[a4]">&gt;&gt;</a>&nbsp;&nbsp;&nbsp;development_kit_gpio_init
</UL>

<P><STRONG><a name="[16f]"></a>nrf_gpio_pin_clear</STRONG> (Thumb, 10 bytes, Stack size 0 bytes, devkit_application.o(.text))
<BR><BR>[Called By]<UL><LI><a href="#[61]">&gt;&gt;</a>&nbsp;&nbsp;&nbsp;app_timer_activity
</UL>

<P><STRONG><a name="[16d]"></a>nrf_gpio_pin_read</STRONG> (Thumb, 14 bytes, Stack size 0 bytes, devkit_application.o(.text))
<BR><BR>[Called By]<UL><LI><a href="#[61]">&gt;&gt;</a>&nbsp;&nbsp;&nbsp;app_timer_activity
</UL>

<P><STRONG><a name="[170]"></a>nrf_gpio_pin_set</STRONG> (Thumb, 10 bytes, Stack size 0 bytes, devkit_motor.o(.text))
<BR><BR>[Called By]<UL><LI><a href="#[154]">&gt;&gt;</a>&nbsp;&nbsp;&nbsp;motor_reverse
<LI><a href="#[153]">&gt;&gt;</a>&nbsp;&nbsp;&nbsp;motor_forward
</UL>

<P><STRONG><a name="[171]"></a>nrf_gpio_pin_clear</STRONG> (Thumb, 10 bytes, Stack size 0 bytes, devkit_motor.o(.text))
<BR><BR>[Called By]<UL><LI><a href="#[7b]">&gt;&gt;</a>&nbsp;&nbsp;&nbsp;motor_stop
<LI><a href="#[154]">&gt;&gt;</a>&nbsp;&nbsp;&nbsp;motor_reverse
<LI><a href="#[153]">&gt;&gt;</a>&nbsp;&nbsp;&nbsp;motor_forward
</UL>

<P><STRONG><a name="[17b]"></a>nrf_gpio_pin_set</STRONG> (Thumb, 10 bytes, Stack size 0 bytes, devkit_command.o(.text))
<BR><BR>[Called By]<UL><LI><a href="#[ab]">&gt;&gt;</a>&nbsp;&nbsp;&nbsp;devkitCommandExecution
<LI><a href="#[179]">&gt;&gt;</a>&nbsp;&nbsp;&nbsp;decode_op_req_msg
</UL>

<P><STRONG><a name="[172]"></a>nrf_gpio_pin_clear</STRONG> (Thumb, 10 bytes, Stack size 0 bytes, devkit_command.o(.text))
<BR><BR>[Called By]<UL><LI><a href="#[7e]">&gt;&gt;</a>&nbsp;&nbsp;&nbsp;reset_all_the_timer_and_flg
<LI><a href="#[ab]">&gt;&gt;</a>&nbsp;&nbsp;&nbsp;devkitCommandExecution
<LI><a href="#[179]">&gt;&gt;</a>&nbsp;&nbsp;&nbsp;decode_op_req_msg
</UL>

<P><STRONG><a name="[17d]"></a>nrf_gpio_pin_read</STRONG> (Thumb, 14 bytes, Stack size 0 bytes, devkit_command.o(.text))
<BR><BR>[Called By]<UL><LI><a href="#[84]">&gt;&gt;</a>&nbsp;&nbsp;&nbsp;update_water_sensor_status
<LI><a href="#[ab]">&gt;&gt;</a>&nbsp;&nbsp;&nbsp;devkitCommandExecution
<LI><a href="#[179]">&gt;&gt;</a>&nbsp;&nbsp;&nbsp;decode_op_req_msg
</UL>

<P><STRONG><a name="[196]"></a>nrf_gpio_pin_read</STRONG> (Thumb, 14 bytes, Stack size 0 bytes, antasyncevent.o(.text))
<BR><BR>[Called By]<UL><LI><a href="#[ad]">&gt;&gt;</a>&nbsp;&nbsp;&nbsp;AntAschyncEvent
</UL>

<P><STRONG><a name="[1bb]"></a>_fadd1</STRONG> (Thumb, 0 bytes, Stack size unknown bytes, faddsub.o(x$fpl$fadd), UNUSED)
<BR><BR>[Called By]<UL><LI><a href="#[1ba]">&gt;&gt;</a>&nbsp;&nbsp;&nbsp;_fsub
</UL>

<P><STRONG><a name="[1b7]"></a>_fsub1</STRONG> (Thumb, 0 bytes, Stack size unknown bytes, faddsub.o(x$fpl$fsub), UNUSED)
<BR><BR>[Called By]<UL><LI><a href="#[1b6]">&gt;&gt;</a>&nbsp;&nbsp;&nbsp;_fadd
</UL>

<P><STRONG><a name="[35]"></a>_printf_input_char</STRONG> (Thumb, 10 bytes, Stack size 0 bytes, _printf_char_common.o(.text))
<BR>[Address Reference Count : 1]<UL><LI> _printf_char_common.o(.text)
</UL><P>
<H3>
Undefined Global Symbols
</H3>
<P><STRONG><a name="[1b4]"></a>_call_atexit_fns</STRONG> (ARM, 0 bytes, Stack size 0 bytes, UNDEFINED)
<BR><BR>[Called By]<UL><LI><a href="#[46]">&gt;&gt;</a>&nbsp;&nbsp;&nbsp;exit
</UL>

<P><STRONG><a name="[1ac]"></a>_printf_mbtowc</STRONG> (ARM, 0 bytes, Stack size 0 bytes, UNDEFINED)
<BR><BR>[Called By]<UL><LI><a href="#[1ab]">&gt;&gt;</a>&nbsp;&nbsp;&nbsp;_printf_cs_common
</UL>

<P><STRONG><a name="[19c]"></a>_printf_post_padding</STRONG> (ARM, 0 bytes, Stack size 0 bytes, UNDEFINED)
<BR><BR>[Called By]<UL><LI><a href="#[19a]">&gt;&gt;</a>&nbsp;&nbsp;&nbsp;_printf_str
<LI><a href="#[1a0]">&gt;&gt;</a>&nbsp;&nbsp;&nbsp;_printf_int_common
</UL>

<P><STRONG><a name="[19b]"></a>_printf_pre_padding</STRONG> (ARM, 0 bytes, Stack size 0 bytes, UNDEFINED)
<BR><BR>[Called By]<UL><LI><a href="#[19a]">&gt;&gt;</a>&nbsp;&nbsp;&nbsp;_printf_str
<LI><a href="#[1a0]">&gt;&gt;</a>&nbsp;&nbsp;&nbsp;_printf_int_common
</UL>

<P><STRONG><a name="[19d]"></a>_printf_truncate_signed</STRONG> (ARM, 0 bytes, Stack size 0 bytes, UNDEFINED)
<BR><BR>[Called By]<UL><LI><a href="#[3c]">&gt;&gt;</a>&nbsp;&nbsp;&nbsp;_printf_int_dec
</UL>

<P><STRONG><a name="[19e]"></a>_printf_truncate_unsigned</STRONG> (ARM, 0 bytes, Stack size 0 bytes, UNDEFINED)
<BR><BR>[Called By]<UL><LI><a href="#[3c]">&gt;&gt;</a>&nbsp;&nbsp;&nbsp;_printf_int_dec
</UL>
<HR></body></html>
